2025-07-29 10:35:34.802 [Test worker] INFO  org.springframework.test.context.support.AnnotationConfigContextLoaderUtils - Could not detect default configuration classes for test class [com.javaproject.demo.controller.TransactionControllerTest]: TransactionControllerTest does not declare any static, non-private, non-final, nested classes annotated with @Configuration.
2025-07-29 10:35:34.853 [Test worker] INFO  org.springframework.boot.test.context.SpringBootTestContextBootstrapper - Found @SpringBootConfiguration com.javaproject.demo.DemoApplication for test class com.javaproject.demo.controller.TransactionControllerTest
2025-07-29 10:35:35.775 [Test worker] INFO  org.springframework.boot.test.mock.web.SpringBootMockServletContext - Initializing Spring TestDispatcherServlet ''
2025-07-29 10:35:35.776 [Test worker] INFO  org.springframework.test.web.servlet.TestDispatcherServlet - Initializing Servlet ''
2025-07-29 10:35:35.777 [Test worker] INFO  org.springframework.test.web.servlet.TestDispatcherServlet - Completed initialization in 0 ms
2025-07-29 10:39:28.445 [main] INFO  org.springframework.data.repository.config.RepositoryConfigurationDelegate - Bootstrapping Spring Data JPA repositories in DEFAULT mode.
2025-07-29 10:39:28.459 [main] INFO  org.springframework.data.repository.config.RepositoryConfigurationDelegate - Finished Spring Data repository scanning in 11 ms. Found 1 JPA repository interface.
2025-07-29 10:39:28.565 [main] INFO  org.springframework.boot.web.embedded.tomcat.TomcatWebServer - Tomcat initialized with port 8080 (http)
2025-07-29 10:39:28.569 [main] INFO  org.apache.coyote.http11.Http11NioProtocol - Initializing ProtocolHandler ["http-nio-8080"]
2025-07-29 10:39:28.570 [main] INFO  org.apache.catalina.core.StandardService - Starting service [Tomcat]
2025-07-29 10:39:28.570 [main] INFO  org.apache.catalina.core.StandardEngine - Starting Servlet engine: [Apache Tomcat/10.1.42]
2025-07-29 10:39:28.583 [main] INFO  org.apache.catalina.core.ContainerBase.[Tomcat].[localhost].[/] - Initializing Spring embedded WebApplicationContext
2025-07-29 10:39:28.583 [main] INFO  org.springframework.boot.web.servlet.context.ServletWebServerApplicationContext - Root WebApplicationContext: initialization completed in 281 ms
2025-07-29 10:39:28.729 [main] INFO  org.springframework.orm.jpa.persistenceunit.SpringPersistenceUnitInfo - No LoadTimeWeaver setup: ignoring JPA class transformer
2025-07-29 10:39:28.737 [main] INFO  com.zaxxer.hikari.HikariDataSource - HikariPool-1 - Starting...
2025-07-29 10:39:28.784 [main] INFO  com.zaxxer.hikari.pool.HikariPool - HikariPool-1 - Added connection com.mysql.cj.jdbc.ConnectionImpl@52433946
2025-07-29 10:39:28.784 [main] INFO  com.zaxxer.hikari.HikariDataSource - HikariPool-1 - Start completed.
2025-07-29 10:39:28.803 [main] WARN  org.hibernate.orm.deprecation - HHH90000025: MySQLDialect does not need to be specified explicitly using 'hibernate.dialect' (remove the property setting and it will be selected by default)
2025-07-29 10:39:29.039 [main] INFO  org.springframework.orm.jpa.LocalContainerEntityManagerFactoryBean - Initialized JPA EntityManagerFactory for persistence unit 'default'
2025-07-29 10:39:29.134 [main] WARN  org.springframework.boot.web.servlet.context.AnnotationConfigServletWebServerApplicationContext - Exception encountered during context initialization - cancelling refresh attempt: org.springframework.beans.factory.BeanCreationException: Error creating bean with name 'transactionController': Invocation of init method failed
2025-07-29 10:39:29.134 [main] INFO  org.springframework.orm.jpa.LocalContainerEntityManagerFactoryBean - Closing JPA EntityManagerFactory for persistence unit 'default'
2025-07-29 10:39:29.136 [main] INFO  com.zaxxer.hikari.HikariDataSource - HikariPool-1 - Shutdown initiated...
2025-07-29 10:39:29.140 [main] INFO  com.zaxxer.hikari.HikariDataSource - HikariPool-1 - Shutdown completed.
2025-07-29 10:39:29.141 [main] INFO  org.apache.catalina.core.StandardService - Stopping service [Tomcat]
2025-07-29 10:39:29.145 [main] INFO  org.springframework.boot.autoconfigure.logging.ConditionEvaluationReportLogger - 

Error starting ApplicationContext. To display the condition evaluation report re-run your application with 'debug' enabled.
2025-07-29 10:39:29.150 [main] ERROR org.springframework.boot.SpringApplication - Application run failed
org.springframework.beans.factory.BeanCreationException: Error creating bean with name 'transactionController': Invocation of init method failed
	at org.springframework.beans.factory.annotation.InitDestroyAnnotationBeanPostProcessor.postProcessBeforeInitialization(InitDestroyAnnotationBeanPostProcessor.java:222) ~[spring-beans-6.2.8.jar:6.2.8]
	at org.springframework.beans.factory.support.AbstractAutowireCapableBeanFactory.applyBeanPostProcessorsBeforeInitialization(AbstractAutowireCapableBeanFactory.java:429) ~[spring-beans-6.2.8.jar:6.2.8]
	at org.springframework.beans.factory.support.AbstractAutowireCapableBeanFactory.initializeBean(AbstractAutowireCapableBeanFactory.java:1818) ~[spring-beans-6.2.8.jar:6.2.8]
	at org.springframework.beans.factory.support.AbstractAutowireCapableBeanFactory.doCreateBean(AbstractAutowireCapableBeanFactory.java:607) ~[spring-beans-6.2.8.jar:6.2.8]
	at org.springframework.beans.factory.support.AbstractAutowireCapableBeanFactory.createBean(AbstractAutowireCapableBeanFactory.java:529) ~[spring-beans-6.2.8.jar:6.2.8]
	at org.springframework.beans.factory.support.AbstractBeanFactory.lambda$doGetBean$0(AbstractBeanFactory.java:339) ~[spring-beans-6.2.8.jar:6.2.8]
	at org.springframework.beans.factory.support.DefaultSingletonBeanRegistry.getSingleton(DefaultSingletonBeanRegistry.java:373) ~[spring-beans-6.2.8.jar:6.2.8]
	at org.springframework.beans.factory.support.AbstractBeanFactory.doGetBean(AbstractBeanFactory.java:337) ~[spring-beans-6.2.8.jar:6.2.8]
	at org.springframework.beans.factory.support.AbstractBeanFactory.getBean(AbstractBeanFactory.java:202) ~[spring-beans-6.2.8.jar:6.2.8]
	at org.springframework.beans.factory.support.DefaultListableBeanFactory.instantiateSingleton(DefaultListableBeanFactory.java:1222) ~[spring-beans-6.2.8.jar:6.2.8]
	at org.springframework.beans.factory.support.DefaultListableBeanFactory.preInstantiateSingleton(DefaultListableBeanFactory.java:1188) ~[spring-beans-6.2.8.jar:6.2.8]
	at org.springframework.beans.factory.support.DefaultListableBeanFactory.preInstantiateSingletons(DefaultListableBeanFactory.java:1123) ~[spring-beans-6.2.8.jar:6.2.8]
	at org.springframework.context.support.AbstractApplicationContext.finishBeanFactoryInitialization(AbstractApplicationContext.java:987) ~[spring-context-6.2.8.jar:6.2.8]
	at org.springframework.context.support.AbstractApplicationContext.refresh(AbstractApplicationContext.java:627) ~[spring-context-6.2.8.jar:6.2.8]
	at org.springframework.boot.web.servlet.context.ServletWebServerApplicationContext.refresh(ServletWebServerApplicationContext.java:146) ~[spring-boot-3.5.3.jar:3.5.3]
	at org.springframework.boot.SpringApplication.refresh(SpringApplication.java:752) [spring-boot-3.5.3.jar:3.5.3]
	at org.springframework.boot.SpringApplication.refreshContext(SpringApplication.java:439) [spring-boot-3.5.3.jar:3.5.3]
	at org.springframework.boot.SpringApplication.run(SpringApplication.java:318) [spring-boot-3.5.3.jar:3.5.3]
	at org.springframework.boot.SpringApplication.run(SpringApplication.java:1361) [spring-boot-3.5.3.jar:3.5.3]
	at org.springframework.boot.SpringApplication.run(SpringApplication.java:1350) [spring-boot-3.5.3.jar:3.5.3]
	at com.javaproject.demo.DemoApplication.main(DemoApplication.java:10) [main/:?]
Caused by: java.lang.RuntimeException: Error parsing CSV line: 8. [txn_100006,user_8,269.27,fuel,2025-06-05]
	at com.opencsv.bean.concurrent.IntolerantThreadPoolExecutor.checkExceptions(IntolerantThreadPoolExecutor.java:250) ~[opencsv-5.7.1.jar:?]
	at com.opencsv.bean.concurrent.LineExecutor.checkExceptions(LineExecutor.java:67) ~[opencsv-5.7.1.jar:?]
	at com.opencsv.bean.concurrent.IntolerantThreadPoolExecutor.areMoreResultsAvailable(IntolerantThreadPoolExecutor.java:303) ~[opencsv-5.7.1.jar:?]
	at com.opencsv.bean.concurrent.IntolerantThreadPoolExecutor.tryAdvance(IntolerantThreadPoolExecutor.java:313) ~[opencsv-5.7.1.jar:?]
	at com.opencsv.bean.concurrent.LineExecutor.tryAdvance(LineExecutor.java:24) ~[opencsv-5.7.1.jar:?]
	at java.base/java.util.Spliterator.forEachRemaining(Spliterator.java:332) ~[?:?]
	at java.base/java.util.stream.AbstractPipeline.copyInto(AbstractPipeline.java:509) ~[?:?]
	at java.base/java.util.stream.AbstractPipeline.wrapAndCopyInto(AbstractPipeline.java:499) ~[?:?]
	at java.base/java.util.stream.ReduceOps$ReduceOp.evaluateSequential(ReduceOps.java:921) ~[?:?]
	at java.base/java.util.stream.AbstractPipeline.evaluate(AbstractPipeline.java:234) ~[?:?]
	at java.base/java.util.stream.ReferencePipeline.collect(ReferencePipeline.java:682) ~[?:?]
	at com.opencsv.bean.CsvToBean.parse(CsvToBean.java:126) ~[opencsv-5.7.1.jar:?]
	at com.javaproject.demo.controller.TransactionController.loadTransactionsFromCsv(TransactionController.java:48) ~[main/:?]
	at com.javaproject.demo.controller.TransactionController.init(TransactionController.java:38) ~[main/:?]
	at java.base/jdk.internal.reflect.NativeMethodAccessorImpl.invoke0(Native Method) ~[?:?]
	at java.base/jdk.internal.reflect.NativeMethodAccessorImpl.invoke(NativeMethodAccessorImpl.java:77) ~[?:?]
	at java.base/jdk.internal.reflect.DelegatingMethodAccessorImpl.invoke(DelegatingMethodAccessorImpl.java:43) ~[?:?]
	at java.base/java.lang.reflect.Method.invoke(Method.java:569) ~[?:?]
	at org.springframework.beans.factory.annotation.InitDestroyAnnotationBeanPostProcessor$LifecycleMethod.invoke(InitDestroyAnnotationBeanPostProcessor.java:457) ~[spring-beans-6.2.8.jar:6.2.8]
	at org.springframework.beans.factory.annotation.InitDestroyAnnotationBeanPostProcessor$LifecycleMetadata.invokeInitMethods(InitDestroyAnnotationBeanPostProcessor.java:401) ~[spring-beans-6.2.8.jar:6.2.8]
	at org.springframework.beans.factory.annotation.InitDestroyAnnotationBeanPostProcessor.postProcessBeforeInitialization(InitDestroyAnnotationBeanPostProcessor.java:219) ~[spring-beans-6.2.8.jar:6.2.8]
	... 20 more
Caused by: com.opencsv.exceptions.CsvDataTypeMismatchException: Conversion of txn_100006 to java.lang.Long failed.
	at com.opencsv.bean.ConverterPrimitiveTypes.convertToRead(ConverterPrimitiveTypes.java:128) ~[opencsv-5.7.1.jar:?]
	at com.opencsv.bean.BeanFieldSingleValue.convert(BeanFieldSingleValue.java:99) ~[opencsv-5.7.1.jar:?]
	at com.opencsv.bean.AbstractBeanField.setFieldValue(AbstractBeanField.java:182) ~[opencsv-5.7.1.jar:?]
	at com.opencsv.bean.AbstractMappingStrategy.setFieldValue(AbstractMappingStrategy.java:631) ~[opencsv-5.7.1.jar:?]
	at com.opencsv.bean.AbstractMappingStrategy.populateNewBean(AbstractMappingStrategy.java:334) ~[opencsv-5.7.1.jar:?]
	at com.opencsv.bean.concurrent.ProcessCsvLine.processLine(ProcessCsvLine.java:131) ~[opencsv-5.7.1.jar:?]
	at com.opencsv.bean.concurrent.ProcessCsvLine.run(ProcessCsvLine.java:87) ~[opencsv-5.7.1.jar:?]
	at java.base/java.util.concurrent.ThreadPoolExecutor.runWorker(ThreadPoolExecutor.java:1136) ~[?:?]
	at java.base/java.util.concurrent.ThreadPoolExecutor$Worker.run(ThreadPoolExecutor.java:635) ~[?:?]
	at java.base/java.lang.Thread.run(Thread.java:840) ~[?:?]
Caused by: org.apache.commons.beanutils.ConversionException: Error converting from 'String' to 'Long' For input string: "txn_100006"
	at org.apache.commons.beanutils.converters.AbstractConverter.handleError(AbstractConverter.java:282) ~[commons-beanutils-1.9.4.jar:1.9.4]
	at org.apache.commons.beanutils.converters.AbstractConverter.convert(AbstractConverter.java:177) ~[commons-beanutils-1.9.4.jar:1.9.4]
	at org.apache.commons.beanutils.converters.ConverterFacade.convert(ConverterFacade.java:61) ~[commons-beanutils-1.9.4.jar:1.9.4]
	at org.apache.commons.beanutils.ConvertUtilsBean.convert(ConvertUtilsBean.java:491) ~[commons-beanutils-1.9.4.jar:1.9.4]
	at com.opencsv.bean.ConverterPrimitiveTypes.convertToRead(ConverterPrimitiveTypes.java:118) ~[opencsv-5.7.1.jar:?]
	at com.opencsv.bean.BeanFieldSingleValue.convert(BeanFieldSingleValue.java:99) ~[opencsv-5.7.1.jar:?]
	at com.opencsv.bean.AbstractBeanField.setFieldValue(AbstractBeanField.java:182) ~[opencsv-5.7.1.jar:?]
	at com.opencsv.bean.AbstractMappingStrategy.setFieldValue(AbstractMappingStrategy.java:631) ~[opencsv-5.7.1.jar:?]
	at com.opencsv.bean.AbstractMappingStrategy.populateNewBean(AbstractMappingStrategy.java:334) ~[opencsv-5.7.1.jar:?]
	at com.opencsv.bean.concurrent.ProcessCsvLine.processLine(ProcessCsvLine.java:131) ~[opencsv-5.7.1.jar:?]
	at com.opencsv.bean.concurrent.ProcessCsvLine.run(ProcessCsvLine.java:87) ~[opencsv-5.7.1.jar:?]
	at java.base/java.util.concurrent.ThreadPoolExecutor.runWorker(ThreadPoolExecutor.java:1136) ~[?:?]
	at java.base/java.util.concurrent.ThreadPoolExecutor$Worker.run(ThreadPoolExecutor.java:635) ~[?:?]
	at java.base/java.lang.Thread.run(Thread.java:840) ~[?:?]
Caused by: java.lang.NumberFormatException: For input string: "txn_100006"
	at java.base/java.lang.NumberFormatException.forInputString(NumberFormatException.java:67) ~[?:?]
	at java.base/java.lang.Long.parseLong(Long.java:711) ~[?:?]
	at java.base/java.lang.Long.<init>(Long.java:1348) ~[?:?]
	at org.apache.commons.beanutils.converters.NumberConverter.toNumber(NumberConverter.java:438) ~[commons-beanutils-1.9.4.jar:1.9.4]
	at org.apache.commons.beanutils.converters.NumberConverter.convertToType(NumberConverter.java:271) ~[commons-beanutils-1.9.4.jar:1.9.4]
	at org.apache.commons.beanutils.converters.AbstractConverter.convert(AbstractConverter.java:169) ~[commons-beanutils-1.9.4.jar:1.9.4]
	at org.apache.commons.beanutils.converters.ConverterFacade.convert(ConverterFacade.java:61) ~[commons-beanutils-1.9.4.jar:1.9.4]
	at org.apache.commons.beanutils.ConvertUtilsBean.convert(ConvertUtilsBean.java:491) ~[commons-beanutils-1.9.4.jar:1.9.4]
	at com.opencsv.bean.ConverterPrimitiveTypes.convertToRead(ConverterPrimitiveTypes.java:118) ~[opencsv-5.7.1.jar:?]
	at com.opencsv.bean.BeanFieldSingleValue.convert(BeanFieldSingleValue.java:99) ~[opencsv-5.7.1.jar:?]
	at com.opencsv.bean.AbstractBeanField.setFieldValue(AbstractBeanField.java:182) ~[opencsv-5.7.1.jar:?]
	at com.opencsv.bean.AbstractMappingStrategy.setFieldValue(AbstractMappingStrategy.java:631) ~[opencsv-5.7.1.jar:?]
	at com.opencsv.bean.AbstractMappingStrategy.populateNewBean(AbstractMappingStrategy.java:334) ~[opencsv-5.7.1.jar:?]
	at com.opencsv.bean.concurrent.ProcessCsvLine.processLine(ProcessCsvLine.java:131) ~[opencsv-5.7.1.jar:?]
	at com.opencsv.bean.concurrent.ProcessCsvLine.run(ProcessCsvLine.java:87) ~[opencsv-5.7.1.jar:?]
	at java.base/java.util.concurrent.ThreadPoolExecutor.runWorker(ThreadPoolExecutor.java:1136) ~[?:?]
	at java.base/java.util.concurrent.ThreadPoolExecutor$Worker.run(ThreadPoolExecutor.java:635) ~[?:?]
	at java.base/java.lang.Thread.run(Thread.java:840) ~[?:?]
2025-07-29 10:48:22.618 [main] INFO  org.springframework.data.repository.config.RepositoryConfigurationDelegate - Bootstrapping Spring Data JPA repositories in DEFAULT mode.
2025-07-29 10:48:22.634 [main] INFO  org.springframework.data.repository.config.RepositoryConfigurationDelegate - Finished Spring Data repository scanning in 13 ms. Found 1 JPA repository interface.
2025-07-29 10:48:22.753 [main] INFO  org.springframework.boot.web.embedded.tomcat.TomcatWebServer - Tomcat initialized with port 8080 (http)
2025-07-29 10:48:22.758 [main] INFO  org.apache.coyote.http11.Http11NioProtocol - Initializing ProtocolHandler ["http-nio-8080"]
2025-07-29 10:48:22.758 [main] INFO  org.apache.catalina.core.StandardService - Starting service [Tomcat]
2025-07-29 10:48:22.758 [main] INFO  org.apache.catalina.core.StandardEngine - Starting Servlet engine: [Apache Tomcat/10.1.42]
2025-07-29 10:48:22.773 [main] INFO  org.apache.catalina.core.ContainerBase.[Tomcat].[localhost].[/] - Initializing Spring embedded WebApplicationContext
2025-07-29 10:48:22.773 [main] INFO  org.springframework.boot.web.servlet.context.ServletWebServerApplicationContext - Root WebApplicationContext: initialization completed in 307 ms
2025-07-29 10:48:22.927 [main] INFO  org.springframework.orm.jpa.persistenceunit.SpringPersistenceUnitInfo - No LoadTimeWeaver setup: ignoring JPA class transformer
2025-07-29 10:48:22.935 [main] INFO  com.zaxxer.hikari.HikariDataSource - HikariPool-1 - Starting...
2025-07-29 10:48:22.985 [main] INFO  com.zaxxer.hikari.pool.HikariPool - HikariPool-1 - Added connection com.mysql.cj.jdbc.ConnectionImpl@b70fa38
2025-07-29 10:48:22.985 [main] INFO  com.zaxxer.hikari.HikariDataSource - HikariPool-1 - Start completed.
2025-07-29 10:48:23.005 [main] WARN  org.hibernate.orm.deprecation - HHH90000025: MySQLDialect does not need to be specified explicitly using 'hibernate.dialect' (remove the property setting and it will be selected by default)
2025-07-29 10:48:23.232 [main] INFO  org.springframework.orm.jpa.LocalContainerEntityManagerFactoryBean - Initialized JPA EntityManagerFactory for persistence unit 'default'
2025-07-29 10:48:23.331 [main] WARN  org.springframework.boot.web.servlet.context.AnnotationConfigServletWebServerApplicationContext - Exception encountered during context initialization - cancelling refresh attempt: org.springframework.beans.factory.BeanCreationException: Error creating bean with name 'transactionController': Invocation of init method failed
2025-07-29 10:48:23.331 [main] INFO  org.springframework.orm.jpa.LocalContainerEntityManagerFactoryBean - Closing JPA EntityManagerFactory for persistence unit 'default'
2025-07-29 10:48:23.332 [main] INFO  com.zaxxer.hikari.HikariDataSource - HikariPool-1 - Shutdown initiated...
2025-07-29 10:48:23.351 [main] INFO  com.zaxxer.hikari.HikariDataSource - HikariPool-1 - Shutdown completed.
2025-07-29 10:48:23.352 [main] INFO  org.apache.catalina.core.StandardService - Stopping service [Tomcat]
2025-07-29 10:48:23.356 [main] INFO  org.springframework.boot.autoconfigure.logging.ConditionEvaluationReportLogger - 

Error starting ApplicationContext. To display the condition evaluation report re-run your application with 'debug' enabled.
2025-07-29 10:48:23.361 [main] ERROR org.springframework.boot.SpringApplication - Application run failed
org.springframework.beans.factory.BeanCreationException: Error creating bean with name 'transactionController': Invocation of init method failed
	at org.springframework.beans.factory.annotation.InitDestroyAnnotationBeanPostProcessor.postProcessBeforeInitialization(InitDestroyAnnotationBeanPostProcessor.java:222) ~[spring-beans-6.2.8.jar:6.2.8]
	at org.springframework.beans.factory.support.AbstractAutowireCapableBeanFactory.applyBeanPostProcessorsBeforeInitialization(AbstractAutowireCapableBeanFactory.java:429) ~[spring-beans-6.2.8.jar:6.2.8]
	at org.springframework.beans.factory.support.AbstractAutowireCapableBeanFactory.initializeBean(AbstractAutowireCapableBeanFactory.java:1818) ~[spring-beans-6.2.8.jar:6.2.8]
	at org.springframework.beans.factory.support.AbstractAutowireCapableBeanFactory.doCreateBean(AbstractAutowireCapableBeanFactory.java:607) ~[spring-beans-6.2.8.jar:6.2.8]
	at org.springframework.beans.factory.support.AbstractAutowireCapableBeanFactory.createBean(AbstractAutowireCapableBeanFactory.java:529) ~[spring-beans-6.2.8.jar:6.2.8]
	at org.springframework.beans.factory.support.AbstractBeanFactory.lambda$doGetBean$0(AbstractBeanFactory.java:339) ~[spring-beans-6.2.8.jar:6.2.8]
	at org.springframework.beans.factory.support.DefaultSingletonBeanRegistry.getSingleton(DefaultSingletonBeanRegistry.java:373) ~[spring-beans-6.2.8.jar:6.2.8]
	at org.springframework.beans.factory.support.AbstractBeanFactory.doGetBean(AbstractBeanFactory.java:337) ~[spring-beans-6.2.8.jar:6.2.8]
	at org.springframework.beans.factory.support.AbstractBeanFactory.getBean(AbstractBeanFactory.java:202) ~[spring-beans-6.2.8.jar:6.2.8]
	at org.springframework.beans.factory.support.DefaultListableBeanFactory.instantiateSingleton(DefaultListableBeanFactory.java:1222) ~[spring-beans-6.2.8.jar:6.2.8]
	at org.springframework.beans.factory.support.DefaultListableBeanFactory.preInstantiateSingleton(DefaultListableBeanFactory.java:1188) ~[spring-beans-6.2.8.jar:6.2.8]
	at org.springframework.beans.factory.support.DefaultListableBeanFactory.preInstantiateSingletons(DefaultListableBeanFactory.java:1123) ~[spring-beans-6.2.8.jar:6.2.8]
	at org.springframework.context.support.AbstractApplicationContext.finishBeanFactoryInitialization(AbstractApplicationContext.java:987) ~[spring-context-6.2.8.jar:6.2.8]
	at org.springframework.context.support.AbstractApplicationContext.refresh(AbstractApplicationContext.java:627) ~[spring-context-6.2.8.jar:6.2.8]
	at org.springframework.boot.web.servlet.context.ServletWebServerApplicationContext.refresh(ServletWebServerApplicationContext.java:146) ~[spring-boot-3.5.3.jar:3.5.3]
	at org.springframework.boot.SpringApplication.refresh(SpringApplication.java:752) [spring-boot-3.5.3.jar:3.5.3]
	at org.springframework.boot.SpringApplication.refreshContext(SpringApplication.java:439) [spring-boot-3.5.3.jar:3.5.3]
	at org.springframework.boot.SpringApplication.run(SpringApplication.java:318) [spring-boot-3.5.3.jar:3.5.3]
	at org.springframework.boot.SpringApplication.run(SpringApplication.java:1361) [spring-boot-3.5.3.jar:3.5.3]
	at org.springframework.boot.SpringApplication.run(SpringApplication.java:1350) [spring-boot-3.5.3.jar:3.5.3]
	at com.javaproject.demo.DemoApplication.main(DemoApplication.java:10) [main/:?]
Caused by: java.lang.RuntimeException: Error parsing CSV line: 11. [txn_100009,user_75,365.47,utilities,2025-07-01]
	at com.opencsv.bean.concurrent.IntolerantThreadPoolExecutor.checkExceptions(IntolerantThreadPoolExecutor.java:250) ~[opencsv-5.7.1.jar:?]
	at com.opencsv.bean.concurrent.LineExecutor.checkExceptions(LineExecutor.java:67) ~[opencsv-5.7.1.jar:?]
	at com.opencsv.bean.concurrent.IntolerantThreadPoolExecutor.areMoreResultsAvailable(IntolerantThreadPoolExecutor.java:303) ~[opencsv-5.7.1.jar:?]
	at com.opencsv.bean.concurrent.IntolerantThreadPoolExecutor.tryAdvance(IntolerantThreadPoolExecutor.java:313) ~[opencsv-5.7.1.jar:?]
	at com.opencsv.bean.concurrent.LineExecutor.tryAdvance(LineExecutor.java:24) ~[opencsv-5.7.1.jar:?]
	at java.base/java.util.Spliterator.forEachRemaining(Spliterator.java:332) ~[?:?]
	at java.base/java.util.stream.AbstractPipeline.copyInto(AbstractPipeline.java:509) ~[?:?]
	at java.base/java.util.stream.AbstractPipeline.wrapAndCopyInto(AbstractPipeline.java:499) ~[?:?]
	at java.base/java.util.stream.ReduceOps$ReduceOp.evaluateSequential(ReduceOps.java:921) ~[?:?]
	at java.base/java.util.stream.AbstractPipeline.evaluate(AbstractPipeline.java:234) ~[?:?]
	at java.base/java.util.stream.ReferencePipeline.collect(ReferencePipeline.java:682) ~[?:?]
	at com.opencsv.bean.CsvToBean.parse(CsvToBean.java:126) ~[opencsv-5.7.1.jar:?]
	at com.javaproject.demo.controller.TransactionController.loadTransactionsFromCsv(TransactionController.java:48) ~[main/:?]
	at com.javaproject.demo.controller.TransactionController.init(TransactionController.java:38) ~[main/:?]
	at java.base/jdk.internal.reflect.NativeMethodAccessorImpl.invoke0(Native Method) ~[?:?]
	at java.base/jdk.internal.reflect.NativeMethodAccessorImpl.invoke(NativeMethodAccessorImpl.java:77) ~[?:?]
	at java.base/jdk.internal.reflect.DelegatingMethodAccessorImpl.invoke(DelegatingMethodAccessorImpl.java:43) ~[?:?]
	at java.base/java.lang.reflect.Method.invoke(Method.java:569) ~[?:?]
	at org.springframework.beans.factory.annotation.InitDestroyAnnotationBeanPostProcessor$LifecycleMethod.invoke(InitDestroyAnnotationBeanPostProcessor.java:457) ~[spring-beans-6.2.8.jar:6.2.8]
	at org.springframework.beans.factory.annotation.InitDestroyAnnotationBeanPostProcessor$LifecycleMetadata.invokeInitMethods(InitDestroyAnnotationBeanPostProcessor.java:401) ~[spring-beans-6.2.8.jar:6.2.8]
	at org.springframework.beans.factory.annotation.InitDestroyAnnotationBeanPostProcessor.postProcessBeforeInitialization(InitDestroyAnnotationBeanPostProcessor.java:219) ~[spring-beans-6.2.8.jar:6.2.8]
	... 20 more
Caused by: com.opencsv.exceptions.CsvDataTypeMismatchException: Conversion of txn_100009 to java.lang.Long failed.
	at com.opencsv.bean.ConverterPrimitiveTypes.convertToRead(ConverterPrimitiveTypes.java:128) ~[opencsv-5.7.1.jar:?]
	at com.opencsv.bean.BeanFieldSingleValue.convert(BeanFieldSingleValue.java:99) ~[opencsv-5.7.1.jar:?]
	at com.opencsv.bean.AbstractBeanField.setFieldValue(AbstractBeanField.java:182) ~[opencsv-5.7.1.jar:?]
	at com.opencsv.bean.AbstractMappingStrategy.setFieldValue(AbstractMappingStrategy.java:631) ~[opencsv-5.7.1.jar:?]
	at com.opencsv.bean.AbstractMappingStrategy.populateNewBean(AbstractMappingStrategy.java:334) ~[opencsv-5.7.1.jar:?]
	at com.opencsv.bean.concurrent.ProcessCsvLine.processLine(ProcessCsvLine.java:131) ~[opencsv-5.7.1.jar:?]
	at com.opencsv.bean.concurrent.ProcessCsvLine.run(ProcessCsvLine.java:87) ~[opencsv-5.7.1.jar:?]
	at java.base/java.util.concurrent.ThreadPoolExecutor.runWorker(ThreadPoolExecutor.java:1136) ~[?:?]
	at java.base/java.util.concurrent.ThreadPoolExecutor$Worker.run(ThreadPoolExecutor.java:635) ~[?:?]
	at java.base/java.lang.Thread.run(Thread.java:840) ~[?:?]
Caused by: org.apache.commons.beanutils.ConversionException: Error converting from 'String' to 'Long' For input string: "txn_100009"
	at org.apache.commons.beanutils.converters.AbstractConverter.handleError(AbstractConverter.java:282) ~[commons-beanutils-1.9.4.jar:1.9.4]
	at org.apache.commons.beanutils.converters.AbstractConverter.convert(AbstractConverter.java:177) ~[commons-beanutils-1.9.4.jar:1.9.4]
	at org.apache.commons.beanutils.converters.ConverterFacade.convert(ConverterFacade.java:61) ~[commons-beanutils-1.9.4.jar:1.9.4]
	at org.apache.commons.beanutils.ConvertUtilsBean.convert(ConvertUtilsBean.java:491) ~[commons-beanutils-1.9.4.jar:1.9.4]
	at com.opencsv.bean.ConverterPrimitiveTypes.convertToRead(ConverterPrimitiveTypes.java:118) ~[opencsv-5.7.1.jar:?]
	at com.opencsv.bean.BeanFieldSingleValue.convert(BeanFieldSingleValue.java:99) ~[opencsv-5.7.1.jar:?]
	at com.opencsv.bean.AbstractBeanField.setFieldValue(AbstractBeanField.java:182) ~[opencsv-5.7.1.jar:?]
	at com.opencsv.bean.AbstractMappingStrategy.setFieldValue(AbstractMappingStrategy.java:631) ~[opencsv-5.7.1.jar:?]
	at com.opencsv.bean.AbstractMappingStrategy.populateNewBean(AbstractMappingStrategy.java:334) ~[opencsv-5.7.1.jar:?]
	at com.opencsv.bean.concurrent.ProcessCsvLine.processLine(ProcessCsvLine.java:131) ~[opencsv-5.7.1.jar:?]
	at com.opencsv.bean.concurrent.ProcessCsvLine.run(ProcessCsvLine.java:87) ~[opencsv-5.7.1.jar:?]
	at java.base/java.util.concurrent.ThreadPoolExecutor.runWorker(ThreadPoolExecutor.java:1136) ~[?:?]
	at java.base/java.util.concurrent.ThreadPoolExecutor$Worker.run(ThreadPoolExecutor.java:635) ~[?:?]
	at java.base/java.lang.Thread.run(Thread.java:840) ~[?:?]
Caused by: java.lang.NumberFormatException: For input string: "txn_100009"
	at java.base/java.lang.NumberFormatException.forInputString(NumberFormatException.java:67) ~[?:?]
	at java.base/java.lang.Long.parseLong(Long.java:711) ~[?:?]
	at java.base/java.lang.Long.<init>(Long.java:1348) ~[?:?]
	at org.apache.commons.beanutils.converters.NumberConverter.toNumber(NumberConverter.java:438) ~[commons-beanutils-1.9.4.jar:1.9.4]
	at org.apache.commons.beanutils.converters.NumberConverter.convertToType(NumberConverter.java:271) ~[commons-beanutils-1.9.4.jar:1.9.4]
	at org.apache.commons.beanutils.converters.AbstractConverter.convert(AbstractConverter.java:169) ~[commons-beanutils-1.9.4.jar:1.9.4]
	at org.apache.commons.beanutils.converters.ConverterFacade.convert(ConverterFacade.java:61) ~[commons-beanutils-1.9.4.jar:1.9.4]
	at org.apache.commons.beanutils.ConvertUtilsBean.convert(ConvertUtilsBean.java:491) ~[commons-beanutils-1.9.4.jar:1.9.4]
	at com.opencsv.bean.ConverterPrimitiveTypes.convertToRead(ConverterPrimitiveTypes.java:118) ~[opencsv-5.7.1.jar:?]
	at com.opencsv.bean.BeanFieldSingleValue.convert(BeanFieldSingleValue.java:99) ~[opencsv-5.7.1.jar:?]
	at com.opencsv.bean.AbstractBeanField.setFieldValue(AbstractBeanField.java:182) ~[opencsv-5.7.1.jar:?]
	at com.opencsv.bean.AbstractMappingStrategy.setFieldValue(AbstractMappingStrategy.java:631) ~[opencsv-5.7.1.jar:?]
	at com.opencsv.bean.AbstractMappingStrategy.populateNewBean(AbstractMappingStrategy.java:334) ~[opencsv-5.7.1.jar:?]
	at com.opencsv.bean.concurrent.ProcessCsvLine.processLine(ProcessCsvLine.java:131) ~[opencsv-5.7.1.jar:?]
	at com.opencsv.bean.concurrent.ProcessCsvLine.run(ProcessCsvLine.java:87) ~[opencsv-5.7.1.jar:?]
	at java.base/java.util.concurrent.ThreadPoolExecutor.runWorker(ThreadPoolExecutor.java:1136) ~[?:?]
	at java.base/java.util.concurrent.ThreadPoolExecutor$Worker.run(ThreadPoolExecutor.java:635) ~[?:?]
	at java.base/java.lang.Thread.run(Thread.java:840) ~[?:?]
2025-07-29 10:48:51.360 [main] INFO  org.springframework.data.repository.config.RepositoryConfigurationDelegate - Bootstrapping Spring Data JPA repositories in DEFAULT mode.
2025-07-29 10:48:51.374 [main] INFO  org.springframework.data.repository.config.RepositoryConfigurationDelegate - Finished Spring Data repository scanning in 11 ms. Found 1 JPA repository interface.
2025-07-29 10:48:51.477 [main] INFO  org.springframework.boot.web.embedded.tomcat.TomcatWebServer - Tomcat initialized with port 8080 (http)
2025-07-29 10:48:51.480 [main] INFO  org.apache.coyote.http11.Http11NioProtocol - Initializing ProtocolHandler ["http-nio-8080"]
2025-07-29 10:48:51.481 [main] INFO  org.apache.catalina.core.StandardService - Starting service [Tomcat]
2025-07-29 10:48:51.481 [main] INFO  org.apache.catalina.core.StandardEngine - Starting Servlet engine: [Apache Tomcat/10.1.42]
2025-07-29 10:48:51.494 [main] INFO  org.apache.catalina.core.ContainerBase.[Tomcat].[localhost].[/] - Initializing Spring embedded WebApplicationContext
2025-07-29 10:48:51.494 [main] INFO  org.springframework.boot.web.servlet.context.ServletWebServerApplicationContext - Root WebApplicationContext: initialization completed in 284 ms
2025-07-29 10:48:51.643 [main] INFO  org.springframework.orm.jpa.persistenceunit.SpringPersistenceUnitInfo - No LoadTimeWeaver setup: ignoring JPA class transformer
2025-07-29 10:48:51.651 [main] INFO  com.zaxxer.hikari.HikariDataSource - HikariPool-1 - Starting...
2025-07-29 10:48:51.699 [main] INFO  com.zaxxer.hikari.pool.HikariPool - HikariPool-1 - Added connection com.mysql.cj.jdbc.ConnectionImpl@52433946
2025-07-29 10:48:51.700 [main] INFO  com.zaxxer.hikari.HikariDataSource - HikariPool-1 - Start completed.
2025-07-29 10:48:51.717 [main] WARN  org.hibernate.orm.deprecation - HHH90000025: MySQLDialect does not need to be specified explicitly using 'hibernate.dialect' (remove the property setting and it will be selected by default)
2025-07-29 10:48:51.933 [main] INFO  org.springframework.orm.jpa.LocalContainerEntityManagerFactoryBean - Initialized JPA EntityManagerFactory for persistence unit 'default'
2025-07-29 10:48:52.025 [main] WARN  org.springframework.boot.web.servlet.context.AnnotationConfigServletWebServerApplicationContext - Exception encountered during context initialization - cancelling refresh attempt: org.springframework.beans.factory.BeanCreationException: Error creating bean with name 'transactionController': Invocation of init method failed
2025-07-29 10:48:52.026 [main] INFO  org.springframework.orm.jpa.LocalContainerEntityManagerFactoryBean - Closing JPA EntityManagerFactory for persistence unit 'default'
2025-07-29 10:48:52.027 [main] INFO  com.zaxxer.hikari.HikariDataSource - HikariPool-1 - Shutdown initiated...
2025-07-29 10:48:52.063 [main] INFO  com.zaxxer.hikari.HikariDataSource - HikariPool-1 - Shutdown completed.
2025-07-29 10:48:52.064 [main] INFO  org.apache.catalina.core.StandardService - Stopping service [Tomcat]
2025-07-29 10:48:52.068 [main] INFO  org.springframework.boot.autoconfigure.logging.ConditionEvaluationReportLogger - 

Error starting ApplicationContext. To display the condition evaluation report re-run your application with 'debug' enabled.
2025-07-29 10:48:52.072 [main] ERROR org.springframework.boot.SpringApplication - Application run failed
org.springframework.beans.factory.BeanCreationException: Error creating bean with name 'transactionController': Invocation of init method failed
	at org.springframework.beans.factory.annotation.InitDestroyAnnotationBeanPostProcessor.postProcessBeforeInitialization(InitDestroyAnnotationBeanPostProcessor.java:222) ~[spring-beans-6.2.8.jar:6.2.8]
	at org.springframework.beans.factory.support.AbstractAutowireCapableBeanFactory.applyBeanPostProcessorsBeforeInitialization(AbstractAutowireCapableBeanFactory.java:429) ~[spring-beans-6.2.8.jar:6.2.8]
	at org.springframework.beans.factory.support.AbstractAutowireCapableBeanFactory.initializeBean(AbstractAutowireCapableBeanFactory.java:1818) ~[spring-beans-6.2.8.jar:6.2.8]
	at org.springframework.beans.factory.support.AbstractAutowireCapableBeanFactory.doCreateBean(AbstractAutowireCapableBeanFactory.java:607) ~[spring-beans-6.2.8.jar:6.2.8]
	at org.springframework.beans.factory.support.AbstractAutowireCapableBeanFactory.createBean(AbstractAutowireCapableBeanFactory.java:529) ~[spring-beans-6.2.8.jar:6.2.8]
	at org.springframework.beans.factory.support.AbstractBeanFactory.lambda$doGetBean$0(AbstractBeanFactory.java:339) ~[spring-beans-6.2.8.jar:6.2.8]
	at org.springframework.beans.factory.support.DefaultSingletonBeanRegistry.getSingleton(DefaultSingletonBeanRegistry.java:373) ~[spring-beans-6.2.8.jar:6.2.8]
	at org.springframework.beans.factory.support.AbstractBeanFactory.doGetBean(AbstractBeanFactory.java:337) ~[spring-beans-6.2.8.jar:6.2.8]
	at org.springframework.beans.factory.support.AbstractBeanFactory.getBean(AbstractBeanFactory.java:202) ~[spring-beans-6.2.8.jar:6.2.8]
	at org.springframework.beans.factory.support.DefaultListableBeanFactory.instantiateSingleton(DefaultListableBeanFactory.java:1222) ~[spring-beans-6.2.8.jar:6.2.8]
	at org.springframework.beans.factory.support.DefaultListableBeanFactory.preInstantiateSingleton(DefaultListableBeanFactory.java:1188) ~[spring-beans-6.2.8.jar:6.2.8]
	at org.springframework.beans.factory.support.DefaultListableBeanFactory.preInstantiateSingletons(DefaultListableBeanFactory.java:1123) ~[spring-beans-6.2.8.jar:6.2.8]
	at org.springframework.context.support.AbstractApplicationContext.finishBeanFactoryInitialization(AbstractApplicationContext.java:987) ~[spring-context-6.2.8.jar:6.2.8]
	at org.springframework.context.support.AbstractApplicationContext.refresh(AbstractApplicationContext.java:627) ~[spring-context-6.2.8.jar:6.2.8]
	at org.springframework.boot.web.servlet.context.ServletWebServerApplicationContext.refresh(ServletWebServerApplicationContext.java:146) ~[spring-boot-3.5.3.jar:3.5.3]
	at org.springframework.boot.SpringApplication.refresh(SpringApplication.java:752) [spring-boot-3.5.3.jar:3.5.3]
	at org.springframework.boot.SpringApplication.refreshContext(SpringApplication.java:439) [spring-boot-3.5.3.jar:3.5.3]
	at org.springframework.boot.SpringApplication.run(SpringApplication.java:318) [spring-boot-3.5.3.jar:3.5.3]
	at org.springframework.boot.SpringApplication.run(SpringApplication.java:1361) [spring-boot-3.5.3.jar:3.5.3]
	at org.springframework.boot.SpringApplication.run(SpringApplication.java:1350) [spring-boot-3.5.3.jar:3.5.3]
	at com.javaproject.demo.DemoApplication.main(DemoApplication.java:10) [main/:?]
Caused by: java.lang.RuntimeException: Error parsing CSV line: 11. [txn_100009,user_75,365.47,utilities,2025-07-01]
	at com.opencsv.bean.concurrent.IntolerantThreadPoolExecutor.checkExceptions(IntolerantThreadPoolExecutor.java:250) ~[opencsv-5.7.1.jar:?]
	at com.opencsv.bean.concurrent.LineExecutor.checkExceptions(LineExecutor.java:67) ~[opencsv-5.7.1.jar:?]
	at com.opencsv.bean.concurrent.IntolerantThreadPoolExecutor.areMoreResultsAvailable(IntolerantThreadPoolExecutor.java:303) ~[opencsv-5.7.1.jar:?]
	at com.opencsv.bean.concurrent.IntolerantThreadPoolExecutor.tryAdvance(IntolerantThreadPoolExecutor.java:313) ~[opencsv-5.7.1.jar:?]
	at com.opencsv.bean.concurrent.LineExecutor.tryAdvance(LineExecutor.java:24) ~[opencsv-5.7.1.jar:?]
	at java.base/java.util.Spliterator.forEachRemaining(Spliterator.java:332) ~[?:?]
	at java.base/java.util.stream.AbstractPipeline.copyInto(AbstractPipeline.java:509) ~[?:?]
	at java.base/java.util.stream.AbstractPipeline.wrapAndCopyInto(AbstractPipeline.java:499) ~[?:?]
	at java.base/java.util.stream.ReduceOps$ReduceOp.evaluateSequential(ReduceOps.java:921) ~[?:?]
	at java.base/java.util.stream.AbstractPipeline.evaluate(AbstractPipeline.java:234) ~[?:?]
	at java.base/java.util.stream.ReferencePipeline.collect(ReferencePipeline.java:682) ~[?:?]
	at com.opencsv.bean.CsvToBean.parse(CsvToBean.java:126) ~[opencsv-5.7.1.jar:?]
	at com.javaproject.demo.controller.TransactionController.loadTransactionsFromCsv(TransactionController.java:48) ~[main/:?]
	at com.javaproject.demo.controller.TransactionController.init(TransactionController.java:38) ~[main/:?]
	at java.base/jdk.internal.reflect.NativeMethodAccessorImpl.invoke0(Native Method) ~[?:?]
	at java.base/jdk.internal.reflect.NativeMethodAccessorImpl.invoke(NativeMethodAccessorImpl.java:77) ~[?:?]
	at java.base/jdk.internal.reflect.DelegatingMethodAccessorImpl.invoke(DelegatingMethodAccessorImpl.java:43) ~[?:?]
	at java.base/java.lang.reflect.Method.invoke(Method.java:569) ~[?:?]
	at org.springframework.beans.factory.annotation.InitDestroyAnnotationBeanPostProcessor$LifecycleMethod.invoke(InitDestroyAnnotationBeanPostProcessor.java:457) ~[spring-beans-6.2.8.jar:6.2.8]
	at org.springframework.beans.factory.annotation.InitDestroyAnnotationBeanPostProcessor$LifecycleMetadata.invokeInitMethods(InitDestroyAnnotationBeanPostProcessor.java:401) ~[spring-beans-6.2.8.jar:6.2.8]
	at org.springframework.beans.factory.annotation.InitDestroyAnnotationBeanPostProcessor.postProcessBeforeInitialization(InitDestroyAnnotationBeanPostProcessor.java:219) ~[spring-beans-6.2.8.jar:6.2.8]
	... 20 more
Caused by: com.opencsv.exceptions.CsvDataTypeMismatchException: Conversion of txn_100009 to java.lang.Long failed.
	at com.opencsv.bean.ConverterPrimitiveTypes.convertToRead(ConverterPrimitiveTypes.java:128) ~[opencsv-5.7.1.jar:?]
	at com.opencsv.bean.BeanFieldSingleValue.convert(BeanFieldSingleValue.java:99) ~[opencsv-5.7.1.jar:?]
	at com.opencsv.bean.AbstractBeanField.setFieldValue(AbstractBeanField.java:182) ~[opencsv-5.7.1.jar:?]
	at com.opencsv.bean.AbstractMappingStrategy.setFieldValue(AbstractMappingStrategy.java:631) ~[opencsv-5.7.1.jar:?]
	at com.opencsv.bean.AbstractMappingStrategy.populateNewBean(AbstractMappingStrategy.java:334) ~[opencsv-5.7.1.jar:?]
	at com.opencsv.bean.concurrent.ProcessCsvLine.processLine(ProcessCsvLine.java:131) ~[opencsv-5.7.1.jar:?]
	at com.opencsv.bean.concurrent.ProcessCsvLine.run(ProcessCsvLine.java:87) ~[opencsv-5.7.1.jar:?]
	at java.base/java.util.concurrent.ThreadPoolExecutor.runWorker(ThreadPoolExecutor.java:1136) ~[?:?]
	at java.base/java.util.concurrent.ThreadPoolExecutor$Worker.run(ThreadPoolExecutor.java:635) ~[?:?]
	at java.base/java.lang.Thread.run(Thread.java:840) ~[?:?]
Caused by: org.apache.commons.beanutils.ConversionException: Error converting from 'String' to 'Long' For input string: "txn_100009"
	at org.apache.commons.beanutils.converters.AbstractConverter.handleError(AbstractConverter.java:282) ~[commons-beanutils-1.9.4.jar:1.9.4]
	at org.apache.commons.beanutils.converters.AbstractConverter.convert(AbstractConverter.java:177) ~[commons-beanutils-1.9.4.jar:1.9.4]
	at org.apache.commons.beanutils.converters.ConverterFacade.convert(ConverterFacade.java:61) ~[commons-beanutils-1.9.4.jar:1.9.4]
	at org.apache.commons.beanutils.ConvertUtilsBean.convert(ConvertUtilsBean.java:491) ~[commons-beanutils-1.9.4.jar:1.9.4]
	at com.opencsv.bean.ConverterPrimitiveTypes.convertToRead(ConverterPrimitiveTypes.java:118) ~[opencsv-5.7.1.jar:?]
	at com.opencsv.bean.BeanFieldSingleValue.convert(BeanFieldSingleValue.java:99) ~[opencsv-5.7.1.jar:?]
	at com.opencsv.bean.AbstractBeanField.setFieldValue(AbstractBeanField.java:182) ~[opencsv-5.7.1.jar:?]
	at com.opencsv.bean.AbstractMappingStrategy.setFieldValue(AbstractMappingStrategy.java:631) ~[opencsv-5.7.1.jar:?]
	at com.opencsv.bean.AbstractMappingStrategy.populateNewBean(AbstractMappingStrategy.java:334) ~[opencsv-5.7.1.jar:?]
	at com.opencsv.bean.concurrent.ProcessCsvLine.processLine(ProcessCsvLine.java:131) ~[opencsv-5.7.1.jar:?]
	at com.opencsv.bean.concurrent.ProcessCsvLine.run(ProcessCsvLine.java:87) ~[opencsv-5.7.1.jar:?]
	at java.base/java.util.concurrent.ThreadPoolExecutor.runWorker(ThreadPoolExecutor.java:1136) ~[?:?]
	at java.base/java.util.concurrent.ThreadPoolExecutor$Worker.run(ThreadPoolExecutor.java:635) ~[?:?]
	at java.base/java.lang.Thread.run(Thread.java:840) ~[?:?]
Caused by: java.lang.NumberFormatException: For input string: "txn_100009"
	at java.base/java.lang.NumberFormatException.forInputString(NumberFormatException.java:67) ~[?:?]
	at java.base/java.lang.Long.parseLong(Long.java:711) ~[?:?]
	at java.base/java.lang.Long.<init>(Long.java:1348) ~[?:?]
	at org.apache.commons.beanutils.converters.NumberConverter.toNumber(NumberConverter.java:438) ~[commons-beanutils-1.9.4.jar:1.9.4]
	at org.apache.commons.beanutils.converters.NumberConverter.convertToType(NumberConverter.java:271) ~[commons-beanutils-1.9.4.jar:1.9.4]
	at org.apache.commons.beanutils.converters.AbstractConverter.convert(AbstractConverter.java:169) ~[commons-beanutils-1.9.4.jar:1.9.4]
	at org.apache.commons.beanutils.converters.ConverterFacade.convert(ConverterFacade.java:61) ~[commons-beanutils-1.9.4.jar:1.9.4]
	at org.apache.commons.beanutils.ConvertUtilsBean.convert(ConvertUtilsBean.java:491) ~[commons-beanutils-1.9.4.jar:1.9.4]
	at com.opencsv.bean.ConverterPrimitiveTypes.convertToRead(ConverterPrimitiveTypes.java:118) ~[opencsv-5.7.1.jar:?]
	at com.opencsv.bean.BeanFieldSingleValue.convert(BeanFieldSingleValue.java:99) ~[opencsv-5.7.1.jar:?]
	at com.opencsv.bean.AbstractBeanField.setFieldValue(AbstractBeanField.java:182) ~[opencsv-5.7.1.jar:?]
	at com.opencsv.bean.AbstractMappingStrategy.setFieldValue(AbstractMappingStrategy.java:631) ~[opencsv-5.7.1.jar:?]
	at com.opencsv.bean.AbstractMappingStrategy.populateNewBean(AbstractMappingStrategy.java:334) ~[opencsv-5.7.1.jar:?]
	at com.opencsv.bean.concurrent.ProcessCsvLine.processLine(ProcessCsvLine.java:131) ~[opencsv-5.7.1.jar:?]
	at com.opencsv.bean.concurrent.ProcessCsvLine.run(ProcessCsvLine.java:87) ~[opencsv-5.7.1.jar:?]
	at java.base/java.util.concurrent.ThreadPoolExecutor.runWorker(ThreadPoolExecutor.java:1136) ~[?:?]
	at java.base/java.util.concurrent.ThreadPoolExecutor$Worker.run(ThreadPoolExecutor.java:635) ~[?:?]
	at java.base/java.lang.Thread.run(Thread.java:840) ~[?:?]
2025-07-29 10:50:00.436 [main] INFO  org.springframework.data.repository.config.RepositoryConfigurationDelegate - Bootstrapping Spring Data JPA repositories in DEFAULT mode.
2025-07-29 10:50:00.452 [main] INFO  org.springframework.data.repository.config.RepositoryConfigurationDelegate - Finished Spring Data repository scanning in 13 ms. Found 1 JPA repository interface.
2025-07-29 10:50:00.576 [main] INFO  org.springframework.boot.web.embedded.tomcat.TomcatWebServer - Tomcat initialized with port 8080 (http)
2025-07-29 10:50:00.580 [main] INFO  org.apache.coyote.http11.Http11NioProtocol - Initializing ProtocolHandler ["http-nio-8080"]
2025-07-29 10:50:00.581 [main] INFO  org.apache.catalina.core.StandardService - Starting service [Tomcat]
2025-07-29 10:50:00.581 [main] INFO  org.apache.catalina.core.StandardEngine - Starting Servlet engine: [Apache Tomcat/10.1.42]
2025-07-29 10:50:00.596 [main] INFO  org.apache.catalina.core.ContainerBase.[Tomcat].[localhost].[/] - Initializing Spring embedded WebApplicationContext
2025-07-29 10:50:00.596 [main] INFO  org.springframework.boot.web.servlet.context.ServletWebServerApplicationContext - Root WebApplicationContext: initialization completed in 320 ms
2025-07-29 10:50:00.757 [main] INFO  org.springframework.orm.jpa.persistenceunit.SpringPersistenceUnitInfo - No LoadTimeWeaver setup: ignoring JPA class transformer
2025-07-29 10:50:00.766 [main] INFO  com.zaxxer.hikari.HikariDataSource - HikariPool-1 - Starting...
2025-07-29 10:50:00.816 [main] INFO  com.zaxxer.hikari.pool.HikariPool - HikariPool-1 - Added connection com.mysql.cj.jdbc.ConnectionImpl@347123dc
2025-07-29 10:50:00.817 [main] INFO  com.zaxxer.hikari.HikariDataSource - HikariPool-1 - Start completed.
2025-07-29 10:50:00.836 [main] WARN  org.hibernate.orm.deprecation - HHH90000025: MySQLDialect does not need to be specified explicitly using 'hibernate.dialect' (remove the property setting and it will be selected by default)
2025-07-29 10:50:01.073 [main] INFO  org.springframework.orm.jpa.LocalContainerEntityManagerFactoryBean - Initialized JPA EntityManagerFactory for persistence unit 'default'
2025-07-29 10:50:01.180 [main] WARN  org.springframework.boot.web.servlet.context.AnnotationConfigServletWebServerApplicationContext - Exception encountered during context initialization - cancelling refresh attempt: org.springframework.beans.factory.BeanCreationException: Error creating bean with name 'transactionController': Invocation of init method failed
2025-07-29 10:50:01.180 [main] INFO  org.springframework.orm.jpa.LocalContainerEntityManagerFactoryBean - Closing JPA EntityManagerFactory for persistence unit 'default'
2025-07-29 10:50:01.181 [main] INFO  com.zaxxer.hikari.HikariDataSource - HikariPool-1 - Shutdown initiated...
2025-07-29 10:50:01.207 [main] INFO  com.zaxxer.hikari.HikariDataSource - HikariPool-1 - Shutdown completed.
2025-07-29 10:50:01.207 [main] INFO  org.apache.catalina.core.StandardService - Stopping service [Tomcat]
2025-07-29 10:50:01.212 [main] INFO  org.springframework.boot.autoconfigure.logging.ConditionEvaluationReportLogger - 

Error starting ApplicationContext. To display the condition evaluation report re-run your application with 'debug' enabled.
2025-07-29 10:50:01.217 [main] ERROR org.springframework.boot.SpringApplication - Application run failed
org.springframework.beans.factory.BeanCreationException: Error creating bean with name 'transactionController': Invocation of init method failed
	at org.springframework.beans.factory.annotation.InitDestroyAnnotationBeanPostProcessor.postProcessBeforeInitialization(InitDestroyAnnotationBeanPostProcessor.java:222) ~[spring-beans-6.2.8.jar:6.2.8]
	at org.springframework.beans.factory.support.AbstractAutowireCapableBeanFactory.applyBeanPostProcessorsBeforeInitialization(AbstractAutowireCapableBeanFactory.java:429) ~[spring-beans-6.2.8.jar:6.2.8]
	at org.springframework.beans.factory.support.AbstractAutowireCapableBeanFactory.initializeBean(AbstractAutowireCapableBeanFactory.java:1818) ~[spring-beans-6.2.8.jar:6.2.8]
	at org.springframework.beans.factory.support.AbstractAutowireCapableBeanFactory.doCreateBean(AbstractAutowireCapableBeanFactory.java:607) ~[spring-beans-6.2.8.jar:6.2.8]
	at org.springframework.beans.factory.support.AbstractAutowireCapableBeanFactory.createBean(AbstractAutowireCapableBeanFactory.java:529) ~[spring-beans-6.2.8.jar:6.2.8]
	at org.springframework.beans.factory.support.AbstractBeanFactory.lambda$doGetBean$0(AbstractBeanFactory.java:339) ~[spring-beans-6.2.8.jar:6.2.8]
	at org.springframework.beans.factory.support.DefaultSingletonBeanRegistry.getSingleton(DefaultSingletonBeanRegistry.java:373) ~[spring-beans-6.2.8.jar:6.2.8]
	at org.springframework.beans.factory.support.AbstractBeanFactory.doGetBean(AbstractBeanFactory.java:337) ~[spring-beans-6.2.8.jar:6.2.8]
	at org.springframework.beans.factory.support.AbstractBeanFactory.getBean(AbstractBeanFactory.java:202) ~[spring-beans-6.2.8.jar:6.2.8]
	at org.springframework.beans.factory.support.DefaultListableBeanFactory.instantiateSingleton(DefaultListableBeanFactory.java:1222) ~[spring-beans-6.2.8.jar:6.2.8]
	at org.springframework.beans.factory.support.DefaultListableBeanFactory.preInstantiateSingleton(DefaultListableBeanFactory.java:1188) ~[spring-beans-6.2.8.jar:6.2.8]
	at org.springframework.beans.factory.support.DefaultListableBeanFactory.preInstantiateSingletons(DefaultListableBeanFactory.java:1123) ~[spring-beans-6.2.8.jar:6.2.8]
	at org.springframework.context.support.AbstractApplicationContext.finishBeanFactoryInitialization(AbstractApplicationContext.java:987) ~[spring-context-6.2.8.jar:6.2.8]
	at org.springframework.context.support.AbstractApplicationContext.refresh(AbstractApplicationContext.java:627) ~[spring-context-6.2.8.jar:6.2.8]
	at org.springframework.boot.web.servlet.context.ServletWebServerApplicationContext.refresh(ServletWebServerApplicationContext.java:146) ~[spring-boot-3.5.3.jar:3.5.3]
	at org.springframework.boot.SpringApplication.refresh(SpringApplication.java:752) [spring-boot-3.5.3.jar:3.5.3]
	at org.springframework.boot.SpringApplication.refreshContext(SpringApplication.java:439) [spring-boot-3.5.3.jar:3.5.3]
	at org.springframework.boot.SpringApplication.run(SpringApplication.java:318) [spring-boot-3.5.3.jar:3.5.3]
	at org.springframework.boot.SpringApplication.run(SpringApplication.java:1361) [spring-boot-3.5.3.jar:3.5.3]
	at org.springframework.boot.SpringApplication.run(SpringApplication.java:1350) [spring-boot-3.5.3.jar:3.5.3]
	at com.javaproject.demo.DemoApplication.main(DemoApplication.java:10) [main/:?]
Caused by: java.lang.RuntimeException: Error parsing CSV line: 11. [txn_100009,user_75,365.47,utilities,2025-07-01]
	at com.opencsv.bean.concurrent.IntolerantThreadPoolExecutor.checkExceptions(IntolerantThreadPoolExecutor.java:250) ~[opencsv-5.7.1.jar:?]
	at com.opencsv.bean.concurrent.LineExecutor.checkExceptions(LineExecutor.java:67) ~[opencsv-5.7.1.jar:?]
	at com.opencsv.bean.concurrent.IntolerantThreadPoolExecutor.areMoreResultsAvailable(IntolerantThreadPoolExecutor.java:303) ~[opencsv-5.7.1.jar:?]
	at com.opencsv.bean.concurrent.IntolerantThreadPoolExecutor.tryAdvance(IntolerantThreadPoolExecutor.java:313) ~[opencsv-5.7.1.jar:?]
	at com.opencsv.bean.concurrent.LineExecutor.tryAdvance(LineExecutor.java:24) ~[opencsv-5.7.1.jar:?]
	at java.base/java.util.Spliterator.forEachRemaining(Spliterator.java:332) ~[?:?]
	at java.base/java.util.stream.AbstractPipeline.copyInto(AbstractPipeline.java:509) ~[?:?]
	at java.base/java.util.stream.AbstractPipeline.wrapAndCopyInto(AbstractPipeline.java:499) ~[?:?]
	at java.base/java.util.stream.ReduceOps$ReduceOp.evaluateSequential(ReduceOps.java:921) ~[?:?]
	at java.base/java.util.stream.AbstractPipeline.evaluate(AbstractPipeline.java:234) ~[?:?]
	at java.base/java.util.stream.ReferencePipeline.collect(ReferencePipeline.java:682) ~[?:?]
	at com.opencsv.bean.CsvToBean.parse(CsvToBean.java:126) ~[opencsv-5.7.1.jar:?]
	at com.javaproject.demo.controller.TransactionController.loadTransactionsFromCsv(TransactionController.java:48) ~[main/:?]
	at com.javaproject.demo.controller.TransactionController.init(TransactionController.java:38) ~[main/:?]
	at java.base/jdk.internal.reflect.NativeMethodAccessorImpl.invoke0(Native Method) ~[?:?]
	at java.base/jdk.internal.reflect.NativeMethodAccessorImpl.invoke(NativeMethodAccessorImpl.java:77) ~[?:?]
	at java.base/jdk.internal.reflect.DelegatingMethodAccessorImpl.invoke(DelegatingMethodAccessorImpl.java:43) ~[?:?]
	at java.base/java.lang.reflect.Method.invoke(Method.java:569) ~[?:?]
	at org.springframework.beans.factory.annotation.InitDestroyAnnotationBeanPostProcessor$LifecycleMethod.invoke(InitDestroyAnnotationBeanPostProcessor.java:457) ~[spring-beans-6.2.8.jar:6.2.8]
	at org.springframework.beans.factory.annotation.InitDestroyAnnotationBeanPostProcessor$LifecycleMetadata.invokeInitMethods(InitDestroyAnnotationBeanPostProcessor.java:401) ~[spring-beans-6.2.8.jar:6.2.8]
	at org.springframework.beans.factory.annotation.InitDestroyAnnotationBeanPostProcessor.postProcessBeforeInitialization(InitDestroyAnnotationBeanPostProcessor.java:219) ~[spring-beans-6.2.8.jar:6.2.8]
	... 20 more
Caused by: com.opencsv.exceptions.CsvDataTypeMismatchException: Conversion of txn_100009 to java.lang.Long failed.
	at com.opencsv.bean.ConverterPrimitiveTypes.convertToRead(ConverterPrimitiveTypes.java:128) ~[opencsv-5.7.1.jar:?]
	at com.opencsv.bean.BeanFieldSingleValue.convert(BeanFieldSingleValue.java:99) ~[opencsv-5.7.1.jar:?]
	at com.opencsv.bean.AbstractBeanField.setFieldValue(AbstractBeanField.java:182) ~[opencsv-5.7.1.jar:?]
	at com.opencsv.bean.AbstractMappingStrategy.setFieldValue(AbstractMappingStrategy.java:631) ~[opencsv-5.7.1.jar:?]
	at com.opencsv.bean.AbstractMappingStrategy.populateNewBean(AbstractMappingStrategy.java:334) ~[opencsv-5.7.1.jar:?]
	at com.opencsv.bean.concurrent.ProcessCsvLine.processLine(ProcessCsvLine.java:131) ~[opencsv-5.7.1.jar:?]
	at com.opencsv.bean.concurrent.ProcessCsvLine.run(ProcessCsvLine.java:87) ~[opencsv-5.7.1.jar:?]
	at java.base/java.util.concurrent.ThreadPoolExecutor.runWorker(ThreadPoolExecutor.java:1136) ~[?:?]
	at java.base/java.util.concurrent.ThreadPoolExecutor$Worker.run(ThreadPoolExecutor.java:635) ~[?:?]
	at java.base/java.lang.Thread.run(Thread.java:840) ~[?:?]
Caused by: org.apache.commons.beanutils.ConversionException: Error converting from 'String' to 'Long' For input string: "txn_100009"
	at org.apache.commons.beanutils.converters.AbstractConverter.handleError(AbstractConverter.java:282) ~[commons-beanutils-1.9.4.jar:1.9.4]
	at org.apache.commons.beanutils.converters.AbstractConverter.convert(AbstractConverter.java:177) ~[commons-beanutils-1.9.4.jar:1.9.4]
	at org.apache.commons.beanutils.converters.ConverterFacade.convert(ConverterFacade.java:61) ~[commons-beanutils-1.9.4.jar:1.9.4]
	at org.apache.commons.beanutils.ConvertUtilsBean.convert(ConvertUtilsBean.java:491) ~[commons-beanutils-1.9.4.jar:1.9.4]
	at com.opencsv.bean.ConverterPrimitiveTypes.convertToRead(ConverterPrimitiveTypes.java:118) ~[opencsv-5.7.1.jar:?]
	at com.opencsv.bean.BeanFieldSingleValue.convert(BeanFieldSingleValue.java:99) ~[opencsv-5.7.1.jar:?]
	at com.opencsv.bean.AbstractBeanField.setFieldValue(AbstractBeanField.java:182) ~[opencsv-5.7.1.jar:?]
	at com.opencsv.bean.AbstractMappingStrategy.setFieldValue(AbstractMappingStrategy.java:631) ~[opencsv-5.7.1.jar:?]
	at com.opencsv.bean.AbstractMappingStrategy.populateNewBean(AbstractMappingStrategy.java:334) ~[opencsv-5.7.1.jar:?]
	at com.opencsv.bean.concurrent.ProcessCsvLine.processLine(ProcessCsvLine.java:131) ~[opencsv-5.7.1.jar:?]
	at com.opencsv.bean.concurrent.ProcessCsvLine.run(ProcessCsvLine.java:87) ~[opencsv-5.7.1.jar:?]
	at java.base/java.util.concurrent.ThreadPoolExecutor.runWorker(ThreadPoolExecutor.java:1136) ~[?:?]
	at java.base/java.util.concurrent.ThreadPoolExecutor$Worker.run(ThreadPoolExecutor.java:635) ~[?:?]
	at java.base/java.lang.Thread.run(Thread.java:840) ~[?:?]
Caused by: java.lang.NumberFormatException: For input string: "txn_100009"
	at java.base/java.lang.NumberFormatException.forInputString(NumberFormatException.java:67) ~[?:?]
	at java.base/java.lang.Long.parseLong(Long.java:711) ~[?:?]
	at java.base/java.lang.Long.<init>(Long.java:1348) ~[?:?]
	at org.apache.commons.beanutils.converters.NumberConverter.toNumber(NumberConverter.java:438) ~[commons-beanutils-1.9.4.jar:1.9.4]
	at org.apache.commons.beanutils.converters.NumberConverter.convertToType(NumberConverter.java:271) ~[commons-beanutils-1.9.4.jar:1.9.4]
	at org.apache.commons.beanutils.converters.AbstractConverter.convert(AbstractConverter.java:169) ~[commons-beanutils-1.9.4.jar:1.9.4]
	at org.apache.commons.beanutils.converters.ConverterFacade.convert(ConverterFacade.java:61) ~[commons-beanutils-1.9.4.jar:1.9.4]
	at org.apache.commons.beanutils.ConvertUtilsBean.convert(ConvertUtilsBean.java:491) ~[commons-beanutils-1.9.4.jar:1.9.4]
	at com.opencsv.bean.ConverterPrimitiveTypes.convertToRead(ConverterPrimitiveTypes.java:118) ~[opencsv-5.7.1.jar:?]
	at com.opencsv.bean.BeanFieldSingleValue.convert(BeanFieldSingleValue.java:99) ~[opencsv-5.7.1.jar:?]
	at com.opencsv.bean.AbstractBeanField.setFieldValue(AbstractBeanField.java:182) ~[opencsv-5.7.1.jar:?]
	at com.opencsv.bean.AbstractMappingStrategy.setFieldValue(AbstractMappingStrategy.java:631) ~[opencsv-5.7.1.jar:?]
	at com.opencsv.bean.AbstractMappingStrategy.populateNewBean(AbstractMappingStrategy.java:334) ~[opencsv-5.7.1.jar:?]
	at com.opencsv.bean.concurrent.ProcessCsvLine.processLine(ProcessCsvLine.java:131) ~[opencsv-5.7.1.jar:?]
	at com.opencsv.bean.concurrent.ProcessCsvLine.run(ProcessCsvLine.java:87) ~[opencsv-5.7.1.jar:?]
	at java.base/java.util.concurrent.ThreadPoolExecutor.runWorker(ThreadPoolExecutor.java:1136) ~[?:?]
	at java.base/java.util.concurrent.ThreadPoolExecutor$Worker.run(ThreadPoolExecutor.java:635) ~[?:?]
	at java.base/java.lang.Thread.run(Thread.java:840) ~[?:?]
2025-07-29 10:50:50.489 [main] INFO  org.springframework.data.repository.config.RepositoryConfigurationDelegate - Bootstrapping Spring Data JPA repositories in DEFAULT mode.
2025-07-29 10:50:50.504 [main] INFO  org.springframework.data.repository.config.RepositoryConfigurationDelegate - Finished Spring Data repository scanning in 12 ms. Found 1 JPA repository interface.
2025-07-29 10:50:50.621 [main] INFO  org.springframework.boot.web.embedded.tomcat.TomcatWebServer - Tomcat initialized with port 8080 (http)
2025-07-29 10:50:50.626 [main] INFO  org.apache.coyote.http11.Http11NioProtocol - Initializing ProtocolHandler ["http-nio-8080"]
2025-07-29 10:50:50.627 [main] INFO  org.apache.catalina.core.StandardService - Starting service [Tomcat]
2025-07-29 10:50:50.627 [main] INFO  org.apache.catalina.core.StandardEngine - Starting Servlet engine: [Apache Tomcat/10.1.42]
2025-07-29 10:50:50.641 [main] INFO  org.apache.catalina.core.ContainerBase.[Tomcat].[localhost].[/] - Initializing Spring embedded WebApplicationContext
2025-07-29 10:50:50.642 [main] INFO  org.springframework.boot.web.servlet.context.ServletWebServerApplicationContext - Root WebApplicationContext: initialization completed in 302 ms
2025-07-29 10:50:50.811 [main] INFO  org.springframework.orm.jpa.persistenceunit.SpringPersistenceUnitInfo - No LoadTimeWeaver setup: ignoring JPA class transformer
2025-07-29 10:50:50.820 [main] INFO  com.zaxxer.hikari.HikariDataSource - HikariPool-1 - Starting...
2025-07-29 10:50:50.874 [main] INFO  com.zaxxer.hikari.pool.HikariPool - HikariPool-1 - Added connection com.mysql.cj.jdbc.ConnectionImpl@7bc2bb58
2025-07-29 10:50:50.875 [main] INFO  com.zaxxer.hikari.HikariDataSource - HikariPool-1 - Start completed.
2025-07-29 10:50:50.893 [main] WARN  org.hibernate.orm.deprecation - HHH90000025: MySQLDialect does not need to be specified explicitly using 'hibernate.dialect' (remove the property setting and it will be selected by default)
2025-07-29 10:50:51.127 [main] INFO  org.springframework.orm.jpa.LocalContainerEntityManagerFactoryBean - Initialized JPA EntityManagerFactory for persistence unit 'default'
2025-07-29 10:50:51.234 [main] WARN  org.springframework.boot.web.servlet.context.AnnotationConfigServletWebServerApplicationContext - Exception encountered during context initialization - cancelling refresh attempt: org.springframework.beans.factory.BeanCreationException: Error creating bean with name 'transactionController': Invocation of init method failed
2025-07-29 10:50:51.234 [main] INFO  org.springframework.orm.jpa.LocalContainerEntityManagerFactoryBean - Closing JPA EntityManagerFactory for persistence unit 'default'
2025-07-29 10:50:51.235 [main] INFO  com.zaxxer.hikari.HikariDataSource - HikariPool-1 - Shutdown initiated...
2025-07-29 10:50:51.249 [main] INFO  com.zaxxer.hikari.HikariDataSource - HikariPool-1 - Shutdown completed.
2025-07-29 10:50:51.250 [main] INFO  org.apache.catalina.core.StandardService - Stopping service [Tomcat]
2025-07-29 10:50:51.254 [main] INFO  org.springframework.boot.autoconfigure.logging.ConditionEvaluationReportLogger - 

Error starting ApplicationContext. To display the condition evaluation report re-run your application with 'debug' enabled.
2025-07-29 10:50:51.258 [main] ERROR org.springframework.boot.SpringApplication - Application run failed
org.springframework.beans.factory.BeanCreationException: Error creating bean with name 'transactionController': Invocation of init method failed
	at org.springframework.beans.factory.annotation.InitDestroyAnnotationBeanPostProcessor.postProcessBeforeInitialization(InitDestroyAnnotationBeanPostProcessor.java:222) ~[spring-beans-6.2.8.jar:6.2.8]
	at org.springframework.beans.factory.support.AbstractAutowireCapableBeanFactory.applyBeanPostProcessorsBeforeInitialization(AbstractAutowireCapableBeanFactory.java:429) ~[spring-beans-6.2.8.jar:6.2.8]
	at org.springframework.beans.factory.support.AbstractAutowireCapableBeanFactory.initializeBean(AbstractAutowireCapableBeanFactory.java:1818) ~[spring-beans-6.2.8.jar:6.2.8]
	at org.springframework.beans.factory.support.AbstractAutowireCapableBeanFactory.doCreateBean(AbstractAutowireCapableBeanFactory.java:607) ~[spring-beans-6.2.8.jar:6.2.8]
	at org.springframework.beans.factory.support.AbstractAutowireCapableBeanFactory.createBean(AbstractAutowireCapableBeanFactory.java:529) ~[spring-beans-6.2.8.jar:6.2.8]
	at org.springframework.beans.factory.support.AbstractBeanFactory.lambda$doGetBean$0(AbstractBeanFactory.java:339) ~[spring-beans-6.2.8.jar:6.2.8]
	at org.springframework.beans.factory.support.DefaultSingletonBeanRegistry.getSingleton(DefaultSingletonBeanRegistry.java:373) ~[spring-beans-6.2.8.jar:6.2.8]
	at org.springframework.beans.factory.support.AbstractBeanFactory.doGetBean(AbstractBeanFactory.java:337) ~[spring-beans-6.2.8.jar:6.2.8]
	at org.springframework.beans.factory.support.AbstractBeanFactory.getBean(AbstractBeanFactory.java:202) ~[spring-beans-6.2.8.jar:6.2.8]
	at org.springframework.beans.factory.support.DefaultListableBeanFactory.instantiateSingleton(DefaultListableBeanFactory.java:1222) ~[spring-beans-6.2.8.jar:6.2.8]
	at org.springframework.beans.factory.support.DefaultListableBeanFactory.preInstantiateSingleton(DefaultListableBeanFactory.java:1188) ~[spring-beans-6.2.8.jar:6.2.8]
	at org.springframework.beans.factory.support.DefaultListableBeanFactory.preInstantiateSingletons(DefaultListableBeanFactory.java:1123) ~[spring-beans-6.2.8.jar:6.2.8]
	at org.springframework.context.support.AbstractApplicationContext.finishBeanFactoryInitialization(AbstractApplicationContext.java:987) ~[spring-context-6.2.8.jar:6.2.8]
	at org.springframework.context.support.AbstractApplicationContext.refresh(AbstractApplicationContext.java:627) ~[spring-context-6.2.8.jar:6.2.8]
	at org.springframework.boot.web.servlet.context.ServletWebServerApplicationContext.refresh(ServletWebServerApplicationContext.java:146) ~[spring-boot-3.5.3.jar:3.5.3]
	at org.springframework.boot.SpringApplication.refresh(SpringApplication.java:752) [spring-boot-3.5.3.jar:3.5.3]
	at org.springframework.boot.SpringApplication.refreshContext(SpringApplication.java:439) [spring-boot-3.5.3.jar:3.5.3]
	at org.springframework.boot.SpringApplication.run(SpringApplication.java:318) [spring-boot-3.5.3.jar:3.5.3]
	at org.springframework.boot.SpringApplication.run(SpringApplication.java:1361) [spring-boot-3.5.3.jar:3.5.3]
	at org.springframework.boot.SpringApplication.run(SpringApplication.java:1350) [spring-boot-3.5.3.jar:3.5.3]
	at com.javaproject.demo.DemoApplication.main(DemoApplication.java:10) [main/:?]
Caused by: java.lang.RuntimeException: Error parsing CSV line: 10. [txn_100008,user_35,94.56,dining,2025-06-29]
	at com.opencsv.bean.concurrent.IntolerantThreadPoolExecutor.checkExceptions(IntolerantThreadPoolExecutor.java:250) ~[opencsv-5.7.1.jar:?]
	at com.opencsv.bean.concurrent.LineExecutor.checkExceptions(LineExecutor.java:67) ~[opencsv-5.7.1.jar:?]
	at com.opencsv.bean.concurrent.IntolerantThreadPoolExecutor.areMoreResultsAvailable(IntolerantThreadPoolExecutor.java:303) ~[opencsv-5.7.1.jar:?]
	at com.opencsv.bean.concurrent.IntolerantThreadPoolExecutor.tryAdvance(IntolerantThreadPoolExecutor.java:313) ~[opencsv-5.7.1.jar:?]
	at com.opencsv.bean.concurrent.LineExecutor.tryAdvance(LineExecutor.java:24) ~[opencsv-5.7.1.jar:?]
	at java.base/java.util.Spliterator.forEachRemaining(Spliterator.java:332) ~[?:?]
	at java.base/java.util.stream.AbstractPipeline.copyInto(AbstractPipeline.java:509) ~[?:?]
	at java.base/java.util.stream.AbstractPipeline.wrapAndCopyInto(AbstractPipeline.java:499) ~[?:?]
	at java.base/java.util.stream.ReduceOps$ReduceOp.evaluateSequential(ReduceOps.java:921) ~[?:?]
	at java.base/java.util.stream.AbstractPipeline.evaluate(AbstractPipeline.java:234) ~[?:?]
	at java.base/java.util.stream.ReferencePipeline.collect(ReferencePipeline.java:682) ~[?:?]
	at com.opencsv.bean.CsvToBean.parse(CsvToBean.java:126) ~[opencsv-5.7.1.jar:?]
	at com.javaproject.demo.controller.TransactionController.loadTransactionsFromCsv(TransactionController.java:48) ~[main/:?]
	at com.javaproject.demo.controller.TransactionController.init(TransactionController.java:38) ~[main/:?]
	at java.base/jdk.internal.reflect.NativeMethodAccessorImpl.invoke0(Native Method) ~[?:?]
	at java.base/jdk.internal.reflect.NativeMethodAccessorImpl.invoke(NativeMethodAccessorImpl.java:77) ~[?:?]
	at java.base/jdk.internal.reflect.DelegatingMethodAccessorImpl.invoke(DelegatingMethodAccessorImpl.java:43) ~[?:?]
	at java.base/java.lang.reflect.Method.invoke(Method.java:569) ~[?:?]
	at org.springframework.beans.factory.annotation.InitDestroyAnnotationBeanPostProcessor$LifecycleMethod.invoke(InitDestroyAnnotationBeanPostProcessor.java:457) ~[spring-beans-6.2.8.jar:6.2.8]
	at org.springframework.beans.factory.annotation.InitDestroyAnnotationBeanPostProcessor$LifecycleMetadata.invokeInitMethods(InitDestroyAnnotationBeanPostProcessor.java:401) ~[spring-beans-6.2.8.jar:6.2.8]
	at org.springframework.beans.factory.annotation.InitDestroyAnnotationBeanPostProcessor.postProcessBeforeInitialization(InitDestroyAnnotationBeanPostProcessor.java:219) ~[spring-beans-6.2.8.jar:6.2.8]
	... 20 more
Caused by: com.opencsv.exceptions.CsvDataTypeMismatchException: Conversion of txn_100008 to java.lang.Long failed.
	at com.opencsv.bean.ConverterPrimitiveTypes.convertToRead(ConverterPrimitiveTypes.java:128) ~[opencsv-5.7.1.jar:?]
	at com.opencsv.bean.BeanFieldSingleValue.convert(BeanFieldSingleValue.java:99) ~[opencsv-5.7.1.jar:?]
	at com.opencsv.bean.AbstractBeanField.setFieldValue(AbstractBeanField.java:182) ~[opencsv-5.7.1.jar:?]
	at com.opencsv.bean.AbstractMappingStrategy.setFieldValue(AbstractMappingStrategy.java:631) ~[opencsv-5.7.1.jar:?]
	at com.opencsv.bean.AbstractMappingStrategy.populateNewBean(AbstractMappingStrategy.java:334) ~[opencsv-5.7.1.jar:?]
	at com.opencsv.bean.concurrent.ProcessCsvLine.processLine(ProcessCsvLine.java:131) ~[opencsv-5.7.1.jar:?]
	at com.opencsv.bean.concurrent.ProcessCsvLine.run(ProcessCsvLine.java:87) ~[opencsv-5.7.1.jar:?]
	at java.base/java.util.concurrent.ThreadPoolExecutor.runWorker(ThreadPoolExecutor.java:1136) ~[?:?]
	at java.base/java.util.concurrent.ThreadPoolExecutor$Worker.run(ThreadPoolExecutor.java:635) ~[?:?]
	at java.base/java.lang.Thread.run(Thread.java:840) ~[?:?]
Caused by: org.apache.commons.beanutils.ConversionException: Error converting from 'String' to 'Long' For input string: "txn_100008"
	at org.apache.commons.beanutils.converters.AbstractConverter.handleError(AbstractConverter.java:282) ~[commons-beanutils-1.9.4.jar:1.9.4]
	at org.apache.commons.beanutils.converters.AbstractConverter.convert(AbstractConverter.java:177) ~[commons-beanutils-1.9.4.jar:1.9.4]
	at org.apache.commons.beanutils.converters.ConverterFacade.convert(ConverterFacade.java:61) ~[commons-beanutils-1.9.4.jar:1.9.4]
	at org.apache.commons.beanutils.ConvertUtilsBean.convert(ConvertUtilsBean.java:491) ~[commons-beanutils-1.9.4.jar:1.9.4]
	at com.opencsv.bean.ConverterPrimitiveTypes.convertToRead(ConverterPrimitiveTypes.java:118) ~[opencsv-5.7.1.jar:?]
	at com.opencsv.bean.BeanFieldSingleValue.convert(BeanFieldSingleValue.java:99) ~[opencsv-5.7.1.jar:?]
	at com.opencsv.bean.AbstractBeanField.setFieldValue(AbstractBeanField.java:182) ~[opencsv-5.7.1.jar:?]
	at com.opencsv.bean.AbstractMappingStrategy.setFieldValue(AbstractMappingStrategy.java:631) ~[opencsv-5.7.1.jar:?]
	at com.opencsv.bean.AbstractMappingStrategy.populateNewBean(AbstractMappingStrategy.java:334) ~[opencsv-5.7.1.jar:?]
	at com.opencsv.bean.concurrent.ProcessCsvLine.processLine(ProcessCsvLine.java:131) ~[opencsv-5.7.1.jar:?]
	at com.opencsv.bean.concurrent.ProcessCsvLine.run(ProcessCsvLine.java:87) ~[opencsv-5.7.1.jar:?]
	at java.base/java.util.concurrent.ThreadPoolExecutor.runWorker(ThreadPoolExecutor.java:1136) ~[?:?]
	at java.base/java.util.concurrent.ThreadPoolExecutor$Worker.run(ThreadPoolExecutor.java:635) ~[?:?]
	at java.base/java.lang.Thread.run(Thread.java:840) ~[?:?]
Caused by: java.lang.NumberFormatException: For input string: "txn_100008"
	at java.base/java.lang.NumberFormatException.forInputString(NumberFormatException.java:67) ~[?:?]
	at java.base/java.lang.Long.parseLong(Long.java:711) ~[?:?]
	at java.base/java.lang.Long.<init>(Long.java:1348) ~[?:?]
	at org.apache.commons.beanutils.converters.NumberConverter.toNumber(NumberConverter.java:438) ~[commons-beanutils-1.9.4.jar:1.9.4]
	at org.apache.commons.beanutils.converters.NumberConverter.convertToType(NumberConverter.java:271) ~[commons-beanutils-1.9.4.jar:1.9.4]
	at org.apache.commons.beanutils.converters.AbstractConverter.convert(AbstractConverter.java:169) ~[commons-beanutils-1.9.4.jar:1.9.4]
	at org.apache.commons.beanutils.converters.ConverterFacade.convert(ConverterFacade.java:61) ~[commons-beanutils-1.9.4.jar:1.9.4]
	at org.apache.commons.beanutils.ConvertUtilsBean.convert(ConvertUtilsBean.java:491) ~[commons-beanutils-1.9.4.jar:1.9.4]
	at com.opencsv.bean.ConverterPrimitiveTypes.convertToRead(ConverterPrimitiveTypes.java:118) ~[opencsv-5.7.1.jar:?]
	at com.opencsv.bean.BeanFieldSingleValue.convert(BeanFieldSingleValue.java:99) ~[opencsv-5.7.1.jar:?]
	at com.opencsv.bean.AbstractBeanField.setFieldValue(AbstractBeanField.java:182) ~[opencsv-5.7.1.jar:?]
	at com.opencsv.bean.AbstractMappingStrategy.setFieldValue(AbstractMappingStrategy.java:631) ~[opencsv-5.7.1.jar:?]
	at com.opencsv.bean.AbstractMappingStrategy.populateNewBean(AbstractMappingStrategy.java:334) ~[opencsv-5.7.1.jar:?]
	at com.opencsv.bean.concurrent.ProcessCsvLine.processLine(ProcessCsvLine.java:131) ~[opencsv-5.7.1.jar:?]
	at com.opencsv.bean.concurrent.ProcessCsvLine.run(ProcessCsvLine.java:87) ~[opencsv-5.7.1.jar:?]
	at java.base/java.util.concurrent.ThreadPoolExecutor.runWorker(ThreadPoolExecutor.java:1136) ~[?:?]
	at java.base/java.util.concurrent.ThreadPoolExecutor$Worker.run(ThreadPoolExecutor.java:635) ~[?:?]
	at java.base/java.lang.Thread.run(Thread.java:840) ~[?:?]
2025-07-29 11:17:31.829 [main] INFO  org.springframework.data.repository.config.RepositoryConfigurationDelegate - Bootstrapping Spring Data JPA repositories in DEFAULT mode.
2025-07-29 11:17:31.847 [main] INFO  org.springframework.data.repository.config.RepositoryConfigurationDelegate - Finished Spring Data repository scanning in 15 ms. Found 1 JPA repository interface.
2025-07-29 11:17:31.966 [main] INFO  org.springframework.boot.web.embedded.tomcat.TomcatWebServer - Tomcat initialized with port 8080 (http)
2025-07-29 11:17:31.971 [main] INFO  org.apache.coyote.http11.Http11NioProtocol - Initializing ProtocolHandler ["http-nio-8080"]
2025-07-29 11:17:31.971 [main] INFO  org.apache.catalina.core.StandardService - Starting service [Tomcat]
2025-07-29 11:17:31.972 [main] INFO  org.apache.catalina.core.StandardEngine - Starting Servlet engine: [Apache Tomcat/10.1.42]
2025-07-29 11:17:31.986 [main] INFO  org.apache.catalina.core.ContainerBase.[Tomcat].[localhost].[/] - Initializing Spring embedded WebApplicationContext
2025-07-29 11:17:31.987 [main] INFO  org.springframework.boot.web.servlet.context.ServletWebServerApplicationContext - Root WebApplicationContext: initialization completed in 370 ms
2025-07-29 11:17:32.142 [main] INFO  org.springframework.orm.jpa.persistenceunit.SpringPersistenceUnitInfo - No LoadTimeWeaver setup: ignoring JPA class transformer
2025-07-29 11:17:32.151 [main] INFO  com.zaxxer.hikari.HikariDataSource - HikariPool-1 - Starting...
2025-07-29 11:17:32.204 [main] INFO  com.zaxxer.hikari.pool.HikariPool - HikariPool-1 - Added connection com.mysql.cj.jdbc.ConnectionImpl@7e2c6fd6
2025-07-29 11:17:32.204 [main] INFO  com.zaxxer.hikari.HikariDataSource - HikariPool-1 - Start completed.
2025-07-29 11:17:32.224 [main] WARN  org.hibernate.orm.deprecation - HHH90000025: MySQLDialect does not need to be specified explicitly using 'hibernate.dialect' (remove the property setting and it will be selected by default)
2025-07-29 11:17:32.475 [main] INFO  org.springframework.orm.jpa.LocalContainerEntityManagerFactoryBean - Initialized JPA EntityManagerFactory for persistence unit 'default'
2025-07-29 11:17:32.604 [main] WARN  org.springframework.boot.autoconfigure.orm.jpa.JpaBaseConfiguration$JpaWebConfiguration - spring.jpa.open-in-view is enabled by default. Therefore, database queries may be performed during view rendering. Explicitly configure spring.jpa.open-in-view to disable this warning
2025-07-29 11:17:32.702 [main] INFO  org.apache.coyote.http11.Http11NioProtocol - Starting ProtocolHandler ["http-nio-8080"]
2025-07-29 11:17:32.707 [main] INFO  org.springframework.boot.web.embedded.tomcat.TomcatWebServer - Tomcat started on port 8080 (http) with context path '/'
2025-07-29 11:18:03.767 [http-nio-8080-exec-1] INFO  org.apache.catalina.core.ContainerBase.[Tomcat].[localhost].[/] - Initializing Spring DispatcherServlet 'dispatcherServlet'
2025-07-29 11:18:03.768 [http-nio-8080-exec-1] INFO  org.springframework.web.servlet.DispatcherServlet - Initializing Servlet 'dispatcherServlet'
2025-07-29 11:18:03.768 [http-nio-8080-exec-1] INFO  org.springframework.web.servlet.DispatcherServlet - Completed initialization in 0 ms
2025-07-29 11:18:03.835 [http-nio-8080-exec-1] DEBUG org.hibernate.SQL - select t1_0.transaction_id,t1_0.amount,t1_0.category,t1_0.transaction_date,t1_0.user_id from transactions t1_0
2025-07-29 11:18:13.356 [http-nio-8080-exec-2] DEBUG org.hibernate.SQL - select t1_0.transaction_id,t1_0.amount,t1_0.category,t1_0.transaction_date,t1_0.user_id from transactions t1_0 where t1_0.transaction_id=?
2025-07-29 11:18:20.589 [SpringApplicationShutdownHook] INFO  org.springframework.boot.web.embedded.tomcat.GracefulShutdown - Commencing graceful shutdown. Waiting for active requests to complete
2025-07-29 11:18:20.592 [tomcat-shutdown] INFO  org.springframework.boot.web.embedded.tomcat.GracefulShutdown - Graceful shutdown complete
2025-07-29 11:18:20.595 [SpringApplicationShutdownHook] INFO  org.springframework.orm.jpa.LocalContainerEntityManagerFactoryBean - Closing JPA EntityManagerFactory for persistence unit 'default'
2025-07-29 11:18:20.596 [SpringApplicationShutdownHook] INFO  com.zaxxer.hikari.HikariDataSource - HikariPool-1 - Shutdown initiated...
2025-07-29 11:18:20.598 [SpringApplicationShutdownHook] INFO  com.zaxxer.hikari.HikariDataSource - HikariPool-1 - Shutdown completed.
2025-07-29 11:23:18.990 [main] INFO  org.springframework.data.repository.config.RepositoryConfigurationDelegate - Bootstrapping Spring Data JPA repositories in DEFAULT mode.
2025-07-29 11:23:19.005 [main] INFO  org.springframework.data.repository.config.RepositoryConfigurationDelegate - Finished Spring Data repository scanning in 13 ms. Found 1 JPA repository interface.
2025-07-29 11:23:19.124 [main] INFO  org.springframework.boot.web.embedded.tomcat.TomcatWebServer - Tomcat initialized with port 8080 (http)
2025-07-29 11:23:19.128 [main] INFO  org.apache.coyote.http11.Http11NioProtocol - Initializing ProtocolHandler ["http-nio-8080"]
2025-07-29 11:23:19.129 [main] INFO  org.apache.catalina.core.StandardService - Starting service [Tomcat]
2025-07-29 11:23:19.129 [main] INFO  org.apache.catalina.core.StandardEngine - Starting Servlet engine: [Apache Tomcat/10.1.42]
2025-07-29 11:23:19.143 [main] INFO  org.apache.catalina.core.ContainerBase.[Tomcat].[localhost].[/] - Initializing Spring embedded WebApplicationContext
2025-07-29 11:23:19.144 [main] INFO  org.springframework.boot.web.servlet.context.ServletWebServerApplicationContext - Root WebApplicationContext: initialization completed in 317 ms
2025-07-29 11:23:19.303 [main] INFO  org.springframework.orm.jpa.persistenceunit.SpringPersistenceUnitInfo - No LoadTimeWeaver setup: ignoring JPA class transformer
2025-07-29 11:23:19.312 [main] INFO  com.zaxxer.hikari.HikariDataSource - HikariPool-1 - Starting...
2025-07-29 11:23:19.414 [main] INFO  com.zaxxer.hikari.pool.HikariPool - HikariPool-1 - Added connection com.mysql.cj.jdbc.ConnectionImpl@b70fa38
2025-07-29 11:23:19.415 [main] INFO  com.zaxxer.hikari.HikariDataSource - HikariPool-1 - Start completed.
2025-07-29 11:23:19.434 [main] WARN  org.hibernate.orm.deprecation - HHH90000025: MySQLDialect does not need to be specified explicitly using 'hibernate.dialect' (remove the property setting and it will be selected by default)
2025-07-29 11:23:19.688 [main] INFO  org.springframework.orm.jpa.LocalContainerEntityManagerFactoryBean - Initialized JPA EntityManagerFactory for persistence unit 'default'
2025-07-29 11:23:19.873 [main] WARN  org.springframework.boot.autoconfigure.orm.jpa.JpaBaseConfiguration$JpaWebConfiguration - spring.jpa.open-in-view is enabled by default. Therefore, database queries may be performed during view rendering. Explicitly configure spring.jpa.open-in-view to disable this warning
2025-07-29 11:23:19.975 [main] INFO  org.apache.coyote.http11.Http11NioProtocol - Starting ProtocolHandler ["http-nio-8080"]
2025-07-29 11:23:19.980 [main] INFO  org.springframework.boot.web.embedded.tomcat.TomcatWebServer - Tomcat started on port 8080 (http) with context path '/'
2025-07-29 11:24:35.782 [main] INFO  org.springframework.data.repository.config.RepositoryConfigurationDelegate - Bootstrapping Spring Data JPA repositories in DEFAULT mode.
2025-07-29 11:24:35.797 [main] INFO  org.springframework.data.repository.config.RepositoryConfigurationDelegate - Finished Spring Data repository scanning in 12 ms. Found 1 JPA repository interface.
2025-07-29 11:24:35.909 [main] INFO  org.springframework.boot.web.embedded.tomcat.TomcatWebServer - Tomcat initialized with port 8080 (http)
2025-07-29 11:24:35.913 [main] INFO  org.apache.coyote.http11.Http11NioProtocol - Initializing ProtocolHandler ["http-nio-8080"]
2025-07-29 11:24:35.914 [main] INFO  org.apache.catalina.core.StandardService - Starting service [Tomcat]
2025-07-29 11:24:35.914 [main] INFO  org.apache.catalina.core.StandardEngine - Starting Servlet engine: [Apache Tomcat/10.1.42]
2025-07-29 11:24:35.928 [main] INFO  org.apache.catalina.core.ContainerBase.[Tomcat].[localhost].[/] - Initializing Spring embedded WebApplicationContext
2025-07-29 11:24:35.928 [main] INFO  org.springframework.boot.web.servlet.context.ServletWebServerApplicationContext - Root WebApplicationContext: initialization completed in 308 ms
2025-07-29 11:24:36.085 [main] INFO  org.springframework.orm.jpa.persistenceunit.SpringPersistenceUnitInfo - No LoadTimeWeaver setup: ignoring JPA class transformer
2025-07-29 11:24:36.094 [main] INFO  com.zaxxer.hikari.HikariDataSource - HikariPool-1 - Starting...
2025-07-29 11:24:36.143 [main] INFO  com.zaxxer.hikari.pool.HikariPool - HikariPool-1 - Added connection com.mysql.cj.jdbc.ConnectionImpl@4813d0
2025-07-29 11:24:36.144 [main] INFO  com.zaxxer.hikari.HikariDataSource - HikariPool-1 - Start completed.
2025-07-29 11:24:36.162 [main] WARN  org.hibernate.orm.deprecation - HHH90000025: MySQLDialect does not need to be specified explicitly using 'hibernate.dialect' (remove the property setting and it will be selected by default)
2025-07-29 11:24:36.400 [main] INFO  org.springframework.orm.jpa.LocalContainerEntityManagerFactoryBean - Initialized JPA EntityManagerFactory for persistence unit 'default'
2025-07-29 11:24:36.594 [main] WARN  org.springframework.boot.autoconfigure.orm.jpa.JpaBaseConfiguration$JpaWebConfiguration - spring.jpa.open-in-view is enabled by default. Therefore, database queries may be performed during view rendering. Explicitly configure spring.jpa.open-in-view to disable this warning
2025-07-29 11:24:36.691 [main] INFO  org.apache.coyote.http11.Http11NioProtocol - Starting ProtocolHandler ["http-nio-8080"]
2025-07-29 11:24:36.694 [main] WARN  org.springframework.boot.web.servlet.context.AnnotationConfigServletWebServerApplicationContext - Exception encountered during context initialization - cancelling refresh attempt: org.springframework.context.ApplicationContextException: Failed to start bean 'webServerStartStop'
2025-07-29 11:24:36.694 [main] INFO  org.springframework.orm.jpa.LocalContainerEntityManagerFactoryBean - Closing JPA EntityManagerFactory for persistence unit 'default'
2025-07-29 11:24:36.694 [main] INFO  com.zaxxer.hikari.HikariDataSource - HikariPool-1 - Shutdown initiated...
2025-07-29 11:24:36.696 [main] INFO  com.zaxxer.hikari.HikariDataSource - HikariPool-1 - Shutdown completed.
2025-07-29 11:24:36.700 [main] INFO  org.springframework.boot.autoconfigure.logging.ConditionEvaluationReportLogger - 

Error starting ApplicationContext. To display the condition evaluation report re-run your application with 'debug' enabled.
2025-07-29 11:24:36.705 [main] ERROR org.springframework.boot.diagnostics.LoggingFailureAnalysisReporter - 

***************************
APPLICATION FAILED TO START
***************************

Description:

Web server failed to start. Port 8080 was already in use.

Action:

Identify and stop the process that's listening on port 8080 or configure this application to listen on another port.

2025-07-29 11:25:34.470 [main] INFO  org.springframework.data.repository.config.RepositoryConfigurationDelegate - Bootstrapping Spring Data JPA repositories in DEFAULT mode.
2025-07-29 11:25:34.486 [main] INFO  org.springframework.data.repository.config.RepositoryConfigurationDelegate - Finished Spring Data repository scanning in 12 ms. Found 1 JPA repository interface.
2025-07-29 11:25:34.598 [main] INFO  org.springframework.boot.web.embedded.tomcat.TomcatWebServer - Tomcat initialized with port 8080 (http)
2025-07-29 11:25:34.602 [main] INFO  org.apache.coyote.http11.Http11NioProtocol - Initializing ProtocolHandler ["http-nio-8080"]
2025-07-29 11:25:34.603 [main] INFO  org.apache.catalina.core.StandardService - Starting service [Tomcat]
2025-07-29 11:25:34.603 [main] INFO  org.apache.catalina.core.StandardEngine - Starting Servlet engine: [Apache Tomcat/10.1.42]
2025-07-29 11:25:34.617 [main] INFO  org.apache.catalina.core.ContainerBase.[Tomcat].[localhost].[/] - Initializing Spring embedded WebApplicationContext
2025-07-29 11:25:34.618 [main] INFO  org.springframework.boot.web.servlet.context.ServletWebServerApplicationContext - Root WebApplicationContext: initialization completed in 306 ms
2025-07-29 11:25:34.770 [main] INFO  org.springframework.orm.jpa.persistenceunit.SpringPersistenceUnitInfo - No LoadTimeWeaver setup: ignoring JPA class transformer
2025-07-29 11:25:34.778 [main] INFO  com.zaxxer.hikari.HikariDataSource - HikariPool-1 - Starting...
2025-07-29 11:25:34.829 [main] INFO  com.zaxxer.hikari.pool.HikariPool - HikariPool-1 - Added connection com.mysql.cj.jdbc.ConnectionImpl@4813d0
2025-07-29 11:25:34.830 [main] INFO  com.zaxxer.hikari.HikariDataSource - HikariPool-1 - Start completed.
2025-07-29 11:25:34.849 [main] WARN  org.hibernate.orm.deprecation - HHH90000025: MySQLDialect does not need to be specified explicitly using 'hibernate.dialect' (remove the property setting and it will be selected by default)
2025-07-29 11:25:35.080 [main] INFO  org.springframework.orm.jpa.LocalContainerEntityManagerFactoryBean - Initialized JPA EntityManagerFactory for persistence unit 'default'
2025-07-29 11:25:35.273 [main] WARN  org.springframework.boot.autoconfigure.orm.jpa.JpaBaseConfiguration$JpaWebConfiguration - spring.jpa.open-in-view is enabled by default. Therefore, database queries may be performed during view rendering. Explicitly configure spring.jpa.open-in-view to disable this warning
2025-07-29 11:25:35.375 [main] INFO  org.apache.coyote.http11.Http11NioProtocol - Starting ProtocolHandler ["http-nio-8080"]
2025-07-29 11:25:35.377 [main] WARN  org.springframework.boot.web.servlet.context.AnnotationConfigServletWebServerApplicationContext - Exception encountered during context initialization - cancelling refresh attempt: org.springframework.context.ApplicationContextException: Failed to start bean 'webServerStartStop'
2025-07-29 11:25:35.377 [main] INFO  org.springframework.orm.jpa.LocalContainerEntityManagerFactoryBean - Closing JPA EntityManagerFactory for persistence unit 'default'
2025-07-29 11:25:35.377 [main] INFO  com.zaxxer.hikari.HikariDataSource - HikariPool-1 - Shutdown initiated...
2025-07-29 11:25:35.379 [main] INFO  com.zaxxer.hikari.HikariDataSource - HikariPool-1 - Shutdown completed.
2025-07-29 11:25:35.384 [main] INFO  org.springframework.boot.autoconfigure.logging.ConditionEvaluationReportLogger - 

Error starting ApplicationContext. To display the condition evaluation report re-run your application with 'debug' enabled.
2025-07-29 11:25:35.388 [main] ERROR org.springframework.boot.diagnostics.LoggingFailureAnalysisReporter - 

***************************
APPLICATION FAILED TO START
***************************

Description:

Web server failed to start. Port 8080 was already in use.

Action:

Identify and stop the process that's listening on port 8080 or configure this application to listen on another port.

2025-07-29 11:26:31.045 [main] INFO  org.springframework.data.repository.config.RepositoryConfigurationDelegate - Bootstrapping Spring Data JPA repositories in DEFAULT mode.
2025-07-29 11:26:31.059 [main] INFO  org.springframework.data.repository.config.RepositoryConfigurationDelegate - Finished Spring Data repository scanning in 12 ms. Found 1 JPA repository interface.
2025-07-29 11:26:31.179 [main] INFO  org.springframework.boot.web.embedded.tomcat.TomcatWebServer - Tomcat initialized with port 8080 (http)
2025-07-29 11:26:31.183 [main] INFO  org.apache.coyote.http11.Http11NioProtocol - Initializing ProtocolHandler ["http-nio-8080"]
2025-07-29 11:26:31.184 [main] INFO  org.apache.catalina.core.StandardService - Starting service [Tomcat]
2025-07-29 11:26:31.184 [main] INFO  org.apache.catalina.core.StandardEngine - Starting Servlet engine: [Apache Tomcat/10.1.42]
2025-07-29 11:26:31.198 [main] INFO  org.apache.catalina.core.ContainerBase.[Tomcat].[localhost].[/] - Initializing Spring embedded WebApplicationContext
2025-07-29 11:26:31.198 [main] INFO  org.springframework.boot.web.servlet.context.ServletWebServerApplicationContext - Root WebApplicationContext: initialization completed in 313 ms
2025-07-29 11:26:31.356 [main] INFO  org.springframework.orm.jpa.persistenceunit.SpringPersistenceUnitInfo - No LoadTimeWeaver setup: ignoring JPA class transformer
2025-07-29 11:26:31.365 [main] INFO  com.zaxxer.hikari.HikariDataSource - HikariPool-1 - Starting...
2025-07-29 11:26:31.417 [main] INFO  com.zaxxer.hikari.pool.HikariPool - HikariPool-1 - Added connection com.mysql.cj.jdbc.ConnectionImpl@52433946
2025-07-29 11:26:31.417 [main] INFO  com.zaxxer.hikari.HikariDataSource - HikariPool-1 - Start completed.
2025-07-29 11:26:31.437 [main] WARN  org.hibernate.orm.deprecation - HHH90000025: MySQLDialect does not need to be specified explicitly using 'hibernate.dialect' (remove the property setting and it will be selected by default)
2025-07-29 11:26:31.750 [main] INFO  org.springframework.orm.jpa.LocalContainerEntityManagerFactoryBean - Initialized JPA EntityManagerFactory for persistence unit 'default'
2025-07-29 11:26:31.929 [main] WARN  org.springframework.boot.autoconfigure.orm.jpa.JpaBaseConfiguration$JpaWebConfiguration - spring.jpa.open-in-view is enabled by default. Therefore, database queries may be performed during view rendering. Explicitly configure spring.jpa.open-in-view to disable this warning
2025-07-29 11:26:32.028 [main] INFO  org.apache.coyote.http11.Http11NioProtocol - Starting ProtocolHandler ["http-nio-8080"]
2025-07-29 11:26:32.033 [main] INFO  org.springframework.boot.web.embedded.tomcat.TomcatWebServer - Tomcat started on port 8080 (http) with context path '/'
2025-07-29 11:28:44.027 [http-nio-8080-exec-1] INFO  org.apache.catalina.core.ContainerBase.[Tomcat].[localhost].[/] - Initializing Spring DispatcherServlet 'dispatcherServlet'
2025-07-29 11:28:44.027 [http-nio-8080-exec-1] INFO  org.springframework.web.servlet.DispatcherServlet - Initializing Servlet 'dispatcherServlet'
2025-07-29 11:28:44.027 [http-nio-8080-exec-1] INFO  org.springframework.web.servlet.DispatcherServlet - Completed initialization in 0 ms
2025-07-29 11:28:44.068 [http-nio-8080-exec-1] DEBUG org.hibernate.SQL - select t1_0.transaction_id,t1_0.amount,t1_0.category,t1_0.transaction_date,t1_0.user_id from transactions t1_0
2025-07-29 11:49:03.833 [HikariPool-1:housekeeper] WARN  com.zaxxer.hikari.pool.HikariPool - HikariPool-1 - Thread starvation or clock leap detected (housekeeper delta=18m2s275ms).
2025-07-29 12:05:02.505 [HikariPool-1:housekeeper] WARN  com.zaxxer.hikari.pool.HikariPool - HikariPool-1 - Thread starvation or clock leap detected (housekeeper delta=15m28s662ms).
2025-07-29 12:21:37.459 [HikariPool-1:housekeeper] WARN  com.zaxxer.hikari.pool.HikariPool - HikariPool-1 - Thread starvation or clock leap detected (housekeeper delta=16m34s953ms).
